RAM Allocation
Variable                                                          Address   Size
--------------------------------------------------------------------------------
rx_buffer                                                         0x0160       8
FLAME_ANALOG                                                      0x0168      16
COMMAND_FLAG_A                                                    0x0178       2
COMMAND_FLAG_B                                                    0x017A       2
MAX_VAL                                                           0x017C       2
NO_FLAME                                                          0x017E       2
FLAME_LEFT                                                        0x0180       2
FLAME_ASKEW_LEFT_2                                                0x0182       2
FLAME_ASKEW_LEFT_1                                                0x0184       2
FLAME_FRONT                                                       0x0186       2
FLAME_ASKEW_RIGHT_1                                               0x0188       2
FLAME_ASKEW_RIGHT_2                                               0x018A       2
FLAME_RIGHT                                                       0x018C       2
_seed                                                             0x018E       4

EEPROM Allocation
Variable                                                          Address   Size
--------------------------------------------------------------------------------

Register Allocation
Variable                                                          Register  Size
--------------------------------------------------------------------------------
baud_mode                                                         R4,R5        2
rx_wr_index                                                       R7           1
rx_rd_index                                                       R6           1
rx_counter                                                        R9           1
rx_buffer_overflow                                                R2.0      1bit
FRONT_ANALOG                                                      R10,R11      2
FLAME_SENSOR                                                      R12,R13      2
