Archive member included because of file (symbol)

C:\Softwares\CooCox\GNU Tools ARM Embedded\4.6 2012q2\arm-none-eabi\lib\armv7e-m\fpu\libm.a(lib_a-s_atan.o)
                              ..\obj\yume_mpu6050.o (atan)
C:\Softwares\CooCox\GNU Tools ARM Embedded\4.6 2012q2\arm-none-eabi\lib\armv7e-m\fpu\libm.a(lib_a-s_cos.o)
                              ..\obj\yume_hexapod_cmd.o (cos)
C:\Softwares\CooCox\GNU Tools ARM Embedded\4.6 2012q2\arm-none-eabi\lib\armv7e-m\fpu\libm.a(lib_a-s_fabs.o)
                              C:\Softwares\CooCox\GNU Tools ARM Embedded\4.6 2012q2\arm-none-eabi\lib\armv7e-m\fpu\libm.a(lib_a-s_atan.o) (fabs)
C:\Softwares\CooCox\GNU Tools ARM Embedded\4.6 2012q2\arm-none-eabi\lib\armv7e-m\fpu\libm.a(lib_a-s_fmax.o)
                              ..\obj\yume_tpa_servo.o (fmax)
C:\Softwares\CooCox\GNU Tools ARM Embedded\4.6 2012q2\arm-none-eabi\lib\armv7e-m\fpu\libm.a(lib_a-s_fpclassify.o)
                              C:\Softwares\CooCox\GNU Tools ARM Embedded\4.6 2012q2\arm-none-eabi\lib\armv7e-m\fpu\libm.a(lib_a-s_fmax.o) (__fpclassifyd)
C:\Softwares\CooCox\GNU Tools ARM Embedded\4.6 2012q2\arm-none-eabi\lib\armv7e-m\fpu\libm.a(lib_a-s_sin.o)
                              ..\obj\yume_hexapod_cmd.o (sin)
C:\Softwares\CooCox\GNU Tools ARM Embedded\4.6 2012q2\arm-none-eabi\lib\armv7e-m\fpu\libm.a(lib_a-w_acos.o)
                              ..\obj\yume_hexapod_cmd.o (acos)
C:\Softwares\CooCox\GNU Tools ARM Embedded\4.6 2012q2\arm-none-eabi\lib\armv7e-m\fpu\libm.a(lib_a-w_atan2.o)
                              ..\obj\yume_mpu6050.o (atan2)
C:\Softwares\CooCox\GNU Tools ARM Embedded\4.6 2012q2\arm-none-eabi\lib\armv7e-m\fpu\libm.a(lib_a-w_sqrt.o)
                              ..\obj\yume_mpu6050.o (sqrt)
C:\Softwares\CooCox\GNU Tools ARM Embedded\4.6 2012q2\arm-none-eabi\lib\armv7e-m\fpu\libm.a(lib_a-e_acos.o)
                              C:\Softwares\CooCox\GNU Tools ARM Embedded\4.6 2012q2\arm-none-eabi\lib\armv7e-m\fpu\libm.a(lib_a-w_acos.o) (__ieee754_acos)
C:\Softwares\CooCox\GNU Tools ARM Embedded\4.6 2012q2\arm-none-eabi\lib\armv7e-m\fpu\libm.a(lib_a-e_atan2.o)
                              C:\Softwares\CooCox\GNU Tools ARM Embedded\4.6 2012q2\arm-none-eabi\lib\armv7e-m\fpu\libm.a(lib_a-w_atan2.o) (__ieee754_atan2)
C:\Softwares\CooCox\GNU Tools ARM Embedded\4.6 2012q2\arm-none-eabi\lib\armv7e-m\fpu\libm.a(lib_a-e_rem_pio2.o)
                              C:\Softwares\CooCox\GNU Tools ARM Embedded\4.6 2012q2\arm-none-eabi\lib\armv7e-m\fpu\libm.a(lib_a-s_cos.o) (__ieee754_rem_pio2)
C:\Softwares\CooCox\GNU Tools ARM Embedded\4.6 2012q2\arm-none-eabi\lib\armv7e-m\fpu\libm.a(lib_a-e_sqrt.o)
                              C:\Softwares\CooCox\GNU Tools ARM Embedded\4.6 2012q2\arm-none-eabi\lib\armv7e-m\fpu\libm.a(lib_a-w_sqrt.o) (__ieee754_sqrt)
C:\Softwares\CooCox\GNU Tools ARM Embedded\4.6 2012q2\arm-none-eabi\lib\armv7e-m\fpu\libm.a(lib_a-k_cos.o)
                              C:\Softwares\CooCox\GNU Tools ARM Embedded\4.6 2012q2\arm-none-eabi\lib\armv7e-m\fpu\libm.a(lib_a-s_cos.o) (__kernel_cos)
C:\Softwares\CooCox\GNU Tools ARM Embedded\4.6 2012q2\arm-none-eabi\lib\armv7e-m\fpu\libm.a(lib_a-k_rem_pio2.o)
                              C:\Softwares\CooCox\GNU Tools ARM Embedded\4.6 2012q2\arm-none-eabi\lib\armv7e-m\fpu\libm.a(lib_a-e_rem_pio2.o) (__kernel_rem_pio2)
C:\Softwares\CooCox\GNU Tools ARM Embedded\4.6 2012q2\arm-none-eabi\lib\armv7e-m\fpu\libm.a(lib_a-k_sin.o)
                              C:\Softwares\CooCox\GNU Tools ARM Embedded\4.6 2012q2\arm-none-eabi\lib\armv7e-m\fpu\libm.a(lib_a-s_cos.o) (__kernel_sin)
C:\Softwares\CooCox\GNU Tools ARM Embedded\4.6 2012q2\arm-none-eabi\lib\armv7e-m\fpu\libm.a(lib_a-s_floor.o)
                              C:\Softwares\CooCox\GNU Tools ARM Embedded\4.6 2012q2\arm-none-eabi\lib\armv7e-m\fpu\libm.a(lib_a-k_rem_pio2.o) (floor)
C:\Softwares\CooCox\GNU Tools ARM Embedded\4.6 2012q2\arm-none-eabi\lib\armv7e-m\fpu\libm.a(lib_a-s_lib_ver.o)
                              C:\Softwares\CooCox\GNU Tools ARM Embedded\4.6 2012q2\arm-none-eabi\lib\armv7e-m\fpu\libm.a(lib_a-w_acos.o) (__fdlib_version)
C:\Softwares\CooCox\GNU Tools ARM Embedded\4.6 2012q2\arm-none-eabi\lib\armv7e-m\fpu\libm.a(lib_a-s_matherr.o)
                              C:\Softwares\CooCox\GNU Tools ARM Embedded\4.6 2012q2\arm-none-eabi\lib\armv7e-m\fpu\libm.a(lib_a-w_acos.o) (matherr)
C:\Softwares\CooCox\GNU Tools ARM Embedded\4.6 2012q2\arm-none-eabi\lib\armv7e-m\fpu\libm.a(lib_a-s_nan.o)
                              C:\Softwares\CooCox\GNU Tools ARM Embedded\4.6 2012q2\arm-none-eabi\lib\armv7e-m\fpu\libm.a(lib_a-w_acos.o) (nan)
C:\Softwares\CooCox\GNU Tools ARM Embedded\4.6 2012q2\arm-none-eabi\lib\armv7e-m\fpu\libm.a(lib_a-s_scalbn.o)
                              C:\Softwares\CooCox\GNU Tools ARM Embedded\4.6 2012q2\arm-none-eabi\lib\armv7e-m\fpu\libm.a(lib_a-k_rem_pio2.o) (scalbn)
[...]
Memory Configuration

Name             Origin             Length             Attributes
rom              0x08000000         0x00100000         xr
ram              0x20000000         0x00020000         xrw
ram1             0x10000000         0x00010000         xrw
*default*        0x00000000         0xffffffff

Linker script and memory map

                0x20020000                _eram = 0x20020000

.text           0x08000000    0x3680c
 *(.isr_vector)
 .isr_vector    0x08000000      0x188 ..\obj\startup_stm32f4xx.o
                0x08000000                g_pfnVectors
 *(.text*)
 .text.Bumper_Init
                0x08000188       0xd4 ..\obj\yume_bumper.o
                0x08000188                Bumper_Init
 .text.GetBumper
                0x0800025c       0x44 ..\obj\yume_bumper.o
                0x0800025c                GetBumper
 .text.Display_Bumper_Stat
                0x080002a0      0x124 ..\obj\yume_bumper.o
                0x080002a0                Display_Bumper_Stat
 .text.Sensor_Menu
                0x080003c4      0x118 ..\obj\yume_bumper.o
                0x080003c4                Sensor_Menu
 .text.RS_off   0x080004dc       0x18 ..\obj\yume_lcd.o
                0x080004dc                RS_off
 .text.RS_on    0x080004f4       0x18 ..\obj\yume_lcd.o
                0x080004f4                RS_on
 .text.EN_off   0x0800050c       0x18 ..\obj\yume_lcd.o
                0x0800050c                EN_off
 .text.EN_on    0x08000524       0x18 ..\obj\yume_lcd.o
                0x08000524                EN_on
 .text.D4_off   0x0800053c       0x18 ..\obj\yume_lcd.o
                0x0800053c                D4_off
 .text.D4_on    0x08000554       0x18 ..\obj\yume_lcd.o
                0x08000554                D4_on
 .text.D5_off   0x0800056c       0x18 ..\obj\yume_lcd.o
                0x0800056c                D5_off
 .text.D5_on    0x08000584       0x18 ..\obj\yume_lcd.o
                0x08000584                D5_on
 .text.D6_off   0x0800059c       0x18 ..\obj\yume_lcd.o
                0x0800059c                D6_off
 .text.D6_on    0x080005b4       0x18 ..\obj\yume_lcd.o
                0x080005b4                D6_on
 .text.D7_off   0x080005cc       0x18 ..\obj\yume_lcd.o
                0x080005cc                D7_off
 .text.D7_on    0x080005e4       0x18 ..\obj\yume_lcd.o
                0x080005e4                D7_on
 .text.lcd_write_nible
                0x080005fc       0x6c ..\obj\yume_lcd.o
                0x080005fc                lcd_write_nible
 .text.lcd_write_byte
                0x08000668       0x38 ..\obj\yume_lcd.o
                0x08000668                lcd_write_byte
 .text.lcd_write_cmd_nible
                0x080006a0       0x20 ..\obj\yume_lcd.o
                0x080006a0                lcd_write_cmd_nible
 .text.lcd_write_data_byte
                0x080006c0       0x20 ..\obj\yume_lcd.o
                0x080006c0                lcd_write_data_byte
 .text.lcd_write_cmd_byte
                0x080006e0       0x34 ..\obj\yume_lcd.o
                0x080006e0                lcd_write_cmd_byte
 .text.YUME_LCD_Init
                0x08000714       0xb4 ..\obj\yume_lcd.o
                0x08000714                YUME_LCD_Init
 .text.lcd_putch
                0x080007c8       0x1c ..\obj\yume_lcd.o
                0x080007c8                lcd_putch
 .text.lcd_putstr
                0x080007e4       0x2c ..\obj\yume_lcd.o
                0x080007e4                lcd_putstr
 .text.lcd_gotoxy
                0x08000810       0x68 ..\obj\yume_lcd.o
                0x08000810                lcd_gotoxy
 .text.lcd_display_clear
                0x08000878       0x10 ..\obj\yume_lcd.o
                0x08000878                lcd_display_clear
 .text.lcd_cursor_off_blink_off
                0x08000888       0x1c ..\obj\yume_lcd.o
                0x08000888                lcd_cursor_off_blink_off
 .text.RotSwitch_Init
                0x080008a4      0x150 ..\obj\yume_rotary_switch.o
                0x080008a4                RotSwitch_Init
 .text.RotSwitch_Sampling
                0x080009f4      0x15c ..\obj\yume_rotary_switch.o
                0x080009f4                RotSwitch_Sampling
 .text.Display_MODE
                0x08000b50      0x230 ..\obj\yume_rotary_switch.o
                0x08000b50                Display_MODE
 .text.Display_TCS3200_Data
                0x08000d80      0x1d4 ..\obj\yume_tcs3200_receiver.o
                0x08000d80                Display_TCS3200_Data
 .text.Display_Tracer_Data
                0x08000f54      0x188 ..\obj\yume_tcs3200_receiver.o
                0x08000f54                Display_Tracer_Data
 .text.Display_TCS3200_Rule
                0x080010dc       0xf8 ..\obj\yume_tcs3200_receiver.o
                0x080010dc                Display_TCS3200_Rule
 .text.TCS3200_Calibration
                0x080011d4      0x45c ..\obj\yume_tcs3200_receiver.o
                0x080011d4                TCS3200_Calibration
 .text.TCS3200_Cal_DisplayStat
                0x08001630      0x250 ..\obj\yume_tcs3200_receiver.o
                0x08001630                TCS3200_Cal_DisplayStat
 .text.Tracer_Calibration
                0x08001880      0x384 ..\obj\yume_tcs3200_receiver.o
                0x08001880                Tracer_Calibration
 .text.Tracer_Cal_DisplayStat
                0x08001c04      0x1cc ..\obj\yume_tcs3200_receiver.o
                0x08001c04                Tracer_Cal_DisplayStat
 .text.Hybrid_TCS3200Tracer_MainMenu
                0x08001dd0      0x3c0 ..\obj\yume_tcs3200_receiver.o
                0x08001dd0                Hybrid_TCS3200Tracer_MainMenu
 .text.Display_Threshold
                0x08002190      0x174 ..\obj\yume_tcs3200_receiver.o
                0x08002190                Display_Threshold
 .text.USART_Init
                0x08002304      0x1ac ..\obj\stm32f4xx_usart.o
                0x08002304                USART_Init
 .text.USART_Cmd
                0x080024b0       0x40 ..\obj\stm32f4xx_usart.o
                0x080024b0                USART_Cmd
 .text.USART_SendData
                0x080024f0       0x28 ..\obj\stm32f4xx_usart.o
                0x080024f0                USART_SendData
 .text.USART_ITConfig
                0x08002518       0xa4 ..\obj\stm32f4xx_usart.o
                0x08002518                USART_ITConfig
 .text.USART_GetFlagStatus
                0x080025bc       0x40 ..\obj\stm32f4xx_usart.o
                0x080025bc                USART_GetFlagStatus
 .text.USART_GetITStatus
                0x080025fc       0xc4 ..\obj\stm32f4xx_usart.o
                0x080025fc                USART_GetITStatus
 .text.TIM2_IRQHandler
                0x080026c0      0x180 ..\obj\yume_articulated_manipulator.o
                0x080026c0                TIM2_IRQHandler
 .text.USART1_Init
                0x08002840      0x178 ..\obj\yume_usart_comm.o
                0x08002840                USART1_Init
 .text.USART1_IRQHandler
                0x080029b8      0x19c ..\obj\yume_usart_comm.o
                0x080029b8                USART1_IRQHandler
 .text.USART2_Init
                0x08002b54      0x178 ..\obj\yume_usart_comm.o
                0x08002b54                USART2_Init
 .text.USART2_IRQHandler
                0x08002ccc       0xb8 ..\obj\yume_usart_comm.o
                0x08002ccc                USART2_IRQHandler
 .text.UART4_Init
                0x08002d84      0x178 ..\obj\yume_usart_comm.o
                0x08002d84                UART4_Init
 .text.UART4_IRQHandler
                0x08002efc       0x18 ..\obj\yume_usart_comm.o
                0x08002efc                UART4_IRQHandler
 .text.UART5_Init
                0x08002f14      0x1e0 ..\obj\yume_usart_comm.o
                0x08002f14                UART5_Init
 .text.UART5_IRQHandler
                0x080030f4      0x38c ..\obj\yume_usart_comm.o
                0x080030f4                UART5_IRQHandler
 .text.USART6_Init
                0x08003480      0x178 ..\obj\yume_usart_comm.o
                0x08003480                USART6_Init
 .text.USART6_IRQHandler
                0x080035f8       0xf0 ..\obj\yume_usart_comm.o
                0x080035f8                USART6_IRQHandler
 .text.Sendto_PC
                0x080036e8       0x18 ..\obj\yume_usart_comm.o
                0x080036e8                Sendto_PC
 .text.TCS3200_Transmit
                0x08003700       0x30 ..\obj\yume_usart_comm.o
                0x08003700                TCS3200_Transmit
 .text.Send_FlameSense
                0x08003730       0x78 ..\obj\yume_usart_comm.o
                0x08003730                Send_FlameSense
 .text.Display_FlameSense
                0x080037a8      0x478 ..\obj\yume_usart_comm.o
                0x080037a8                Display_FlameSense
 .text.Default_Reset_Handler
                0x08003c20       0x78 ..\obj\startup_stm32f4xx.o
                0x08003c20                Default_Reset_Handler
                0x08003c20                Reset_Handler
 .text.Default_Handler
                0x08003c98        0x8 ..\obj\startup_stm32f4xx.o
                0x08003c98                RTC_Alarm_IRQHandler
                0x08003c98                HASH_RNG_IRQHandler
                0x08003c98                EXTI2_IRQHandler
                0x08003c98                TIM8_CC_IRQHandler
                0x08003c98                DebugMon_Handler
                0x08003c98                TIM1_CC_IRQHandler
                0x08003c98                DMA2_Stream5_IRQHandler
                0x08003c98                HardFault_Handler
                0x08003c98                DMA1_Stream5_IRQHandler
                0x08003c98                PVD_IRQHandler
                0x08003c98                SDIO_IRQHandler
                0x08003c98                TAMP_STAMP_IRQHandler
                0x08003c98                PendSV_Handler
                0x08003c98                NMI_Handler
                0x08003c98                CAN2_RX1_IRQHandler
                0x08003c98                EXTI3_IRQHandler
                0x08003c98                TIM8_TRG_COM_TIM14_IRQHandler
                0x08003c98                TIM1_UP_TIM10_IRQHandler
                0x08003c98                TIM8_UP_TIM13_IRQHandler
                0x08003c98                I2C3_ER_IRQHandler
                0x08003c98                EXTI0_IRQHandler
                0x08003c98                I2C2_EV_IRQHandler
                0x08003c98                DMA1_Stream2_IRQHandler
                0x08003c98                CAN1_RX0_IRQHandler
                0x08003c98                FPU_IRQHandler
                0x08003c98                OTG_HS_WKUP_IRQHandler
                0x08003c98                UsageFault_Handler
                0x08003c98                CAN2_SCE_IRQHandler
                0x08003c98                DMA2_Stream2_IRQHandler
                0x08003c98                SPI1_IRQHandler
                0x08003c98                TIM6_DAC_IRQHandler
                0x08003c98                TIM1_BRK_TIM9_IRQHandler
                0x08003c98                DCMI_IRQHandler
                0x08003c98                CAN2_RX0_IRQHandler
                0x08003c98                DMA2_Stream3_IRQHandler
                0x08003c98                CRYP_IRQHandler
                0x08003c98                CAN1_RX1_IRQHandler
                0x08003c98                DMA2_Stream0_IRQHandler
                0x08003c98                TIM4_IRQHandler
                0x08003c98                I2C1_EV_IRQHandler
                0x08003c98                DMA1_Stream6_IRQHandler
                0x08003c98                DMA1_Stream1_IRQHandler
                0x08003c98                RCC_IRQHandler
                0x08003c98                TIM8_BRK_TIM12_IRQHandler
                0x08003c98                EXTI15_10_IRQHandler
                0x08003c98                ADC_IRQHandler
                0x08003c98                DMA1_Stream7_IRQHandler
                0x08003c98                TIM7_IRQHandler
                0x08003c98                CAN2_TX_IRQHandler
                0x08003c98                DMA2_Stream7_IRQHandler
                0x08003c98                I2C3_EV_IRQHandler
                0x08003c98                EXTI9_5_IRQHandler
                0x08003c98                RTC_WKUP_IRQHandler
                0x08003c98                ETH_WKUP_IRQHandler
                0x08003c98                SPI2_IRQHandler
                0x08003c98                OTG_HS_EP1_IN_IRQHandler
                0x08003c98                MemManage_Handler
                0x08003c98                DMA1_Stream0_IRQHandler
                0x08003c98                CAN1_TX_IRQHandler
                0x08003c98                SVC_Handler
                0x08003c98                EXTI4_IRQHandler
                0x08003c98                FSMC_IRQHandler
                0x08003c98                ETH_IRQHandler
                0x08003c98                OTG_HS_EP1_OUT_IRQHandler
                0x08003c98                WWDG_IRQHandler
                0x08003c98                OTG_FS_WKUP_IRQHandler
                0x08003c98                TIM1_TRG_COM_TIM11_IRQHandler
                0x08003c98                OTG_HS_IRQHandler
                0x08003c98                EXTI1_IRQHandler
                0x08003c98                I2C2_ER_IRQHandler
                0x08003c98                DMA2_Stream1_IRQHandler
                0x08003c98                CAN1_SCE_IRQHandler
                0x08003c98                FLASH_IRQHandler
                0x08003c98                DMA2_Stream4_IRQHandler
                0x08003c98                BusFault_Handler
                0x08003c98                OTG_FS_IRQHandler
                0x08003c98                SPI3_IRQHandler
                0x08003c98                DMA1_Stream4_IRQHandler
                0x08003c98                I2C1_ER_IRQHandler
                0x08003c98                DMA2_Stream6_IRQHandler
                0x08003c98                DMA1_Stream3_IRQHandler
 .text.PushTo_Burst
                0x08003ca0      0x128 ..\obj\yume_extinguisher.o
                0x08003ca0                PushTo_Burst
 .text.main     0x08003dc8      0x50c ..\obj\main.o
                0x08003dc8                main
 .text.YUME_Initialization
                0x080042d4      0x2f4 ..\obj\main.o
                0x080042d4                YUME_Initialization
 .text.RCC_GetClocksFreq
                0x080045c8      0x1d0 ..\obj\stm32f4xx_rcc.o
                0x080045c8                RCC_GetClocksFreq
 .text.RCC_AHB1PeriphClockCmd
                0x08004798       0x58 ..\obj\stm32f4xx_rcc.o
                0x08004798                RCC_AHB1PeriphClockCmd
 .text.RCC_APB1PeriphClockCmd
                0x080047f0       0x58 ..\obj\stm32f4xx_rcc.o
                0x080047f0                RCC_APB1PeriphClockCmd
 .text.RCC_APB2PeriphClockCmd
                0x08004848       0x58 ..\obj\stm32f4xx_rcc.o
                0x08004848                RCC_APB2PeriphClockCmd
 .text.YUME_CMPS11_Init
                0x080048a0        0xc ..\obj\yume_cmps11.o
                0x080048a0                YUME_CMPS11_Init
 .text.YUME_BLDC_Init
                0x080048ac       0x18 ..\obj\yume_bldc_fan.o
                0x080048ac                YUME_BLDC_Init
 .text.YUME_BLDC_Fight
                0x080048c4       0x2c ..\obj\yume_bldc_fan.o
                0x080048c4                YUME_BLDC_Fight
 .text.TIM4_PWM_Init
                0x080048f0      0x14c ..\obj\yume_bldc_fan.o
                0x080048f0                TIM4_PWM_Init
 .text.ADC_Init
                0x08004a3c       0xb8 ..\obj\stm32f4xx_adc.o
                0x08004a3c                ADC_Init
 .text.ADC_CommonInit
                0x08004af4       0x5c ..\obj\stm32f4xx_adc.o
                0x08004af4                ADC_CommonInit
 .text.ADC_Cmd  0x08004b50       0x38 ..\obj\stm32f4xx_adc.o
                0x08004b50                ADC_Cmd
 .text.ADC_RegularChannelConfig
                0x08004b88      0x1bc ..\obj\stm32f4xx_adc.o
                0x08004b88                ADC_RegularChannelConfig
 .text.ADC_SoftwareStartConv
                0x08004d44       0x20 ..\obj\stm32f4xx_adc.o
                0x08004d44                ADC_SoftwareStartConv
 .text.ADC_ContinuousModeCmd
                0x08004d64       0x38 ..\obj\stm32f4xx_adc.o
                0x08004d64                ADC_ContinuousModeCmd
 .text.ADC_GetConversionValue
                0x08004d9c       0x1c ..\obj\stm32f4xx_adc.o
                0x08004d9c                ADC_GetConversionValue
 .text.YUME_Initial_Setup
                0x08004db8       0xe0 ..\obj\yume_utilities.o
                0x08004db8                YUME_Initial_Setup
 .text.NVIC_SetPriority
                0x08004e98       0x5c ..\obj\yume_systick_delay.o
 .text.SysTick_Config
                0x08004ef4       0x64 ..\obj\yume_systick_delay.o
 .text.SysTick_Init
                0x08004f58       0x30 ..\obj\yume_systick_delay.o
                0x08004f58                SysTick_Init
 .text.SysTick_Handler
                0x08004f88        0xc ..\obj\yume_systick_delay.o
                0x08004f88                SysTick_Handler
 .text.TimeTick_Decrement
                0x08004f94       0x30 ..\obj\yume_systick_delay.o
                0x08004f94                TimeTick_Decrement
 .text.delay_us
                0x08004fc4       0x30 ..\obj\yume_systick_delay.o
                0x08004fc4                delay_us
 .text.delay_1ms
                0x08004ff4       0x28 ..\obj\yume_systick_delay.o
                0x08004ff4                delay_1ms
 .text.delay_ms
                0x0800501c       0x30 ..\obj\yume_systick_delay.o
                0x0800501c                delay_ms
 .text.YUME_Sound_Activation_Init
                0x0800504c       0x6c ..\obj\yume_sound_activation.o
                0x0800504c                YUME_Sound_Activation_Init
 .text.GPIO_Init
                0x080050b8      0x154 ..\obj\stm32f4xx_gpio.o
                0x080050b8                GPIO_Init
 .text.GPIO_ReadInputDataBit
                0x0800520c       0x3c ..\obj\stm32f4xx_gpio.o
                0x0800520c                GPIO_ReadInputDataBit
 .text.GPIO_SetBits
                0x08005248       0x1c ..\obj\stm32f4xx_gpio.o
                0x08005248                GPIO_SetBits
 .text.GPIO_ResetBits
                0x08005264       0x1c ..\obj\stm32f4xx_gpio.o
                0x08005264                GPIO_ResetBits
 .text.GPIO_PinAFConfig
                0x08005280       0xac ..\obj\stm32f4xx_gpio.o
                0x08005280                GPIO_PinAFConfig
 .text.SystemInit
                0x0800532c       0xb0 ..\obj\system_stm32f4xx.o
                0x0800532c                SystemInit
 .text.SetSysClock
                0x080053dc      0x188 ..\obj\system_stm32f4xx.o
 .text._sbrk    0x08005564       0x5c ..\obj\syscalls.o
                0x08005564                _sbrk
 .text.abort    0x080055c0        0x8 ..\obj\syscalls.o
                0x080055c0                abort
 .text.IR_Proximity_Init
                0x080055c8      0x138 ..\obj\yume_infrared_proximity.o
                0x080055c8                IR_Proximity_Init
 .text.Get_IR   0x08005700       0xd8 ..\obj\yume_infrared_proximity.o
                0x08005700                Get_IR
 .text.Display_IR_Stat
                0x080057d8      0x1d4 ..\obj\yume_infrared_proximity.o
                0x080057d8                Display_IR_Stat
 .text.YUME_PID_Init
                0x080059ac      0x418 ..\obj\yume_pid_controller.o
                0x080059ac                YUME_PID_Init
 .text.PID_Calc_RightRule
                0x08005dc4      0x328 ..\obj\yume_pid_controller.o
                0x08005dc4                PID_Calc_RightRule
 .text.PID_Calc_LeftRule
                0x080060ec      0x328 ..\obj\yume_pid_controller.o
                0x080060ec                PID_Calc_LeftRule
 .text.Button_Init
                0x08006414       0x10 ..\obj\yume_user_interface.o
                0x08006414                Button_Init
 .text.StartButton_Init
                0x08006424       0x6c ..\obj\yume_user_interface.o
                0x08006424                StartButton_Init
 .text.UserButton_Init
                0x08006490       0xd4 ..\obj\yume_user_interface.o
                0x08006490                UserButton_Init
 .text.Buzzer_Init
                0x08006564       0x6c ..\obj\yume_user_interface.o
                0x08006564                Buzzer_Init
 .text.YUME_Buzz
                0x080065d0       0xcc ..\obj\yume_user_interface.o
                0x080065d0                YUME_Buzz
 .text.FIRE_LED_Init
                0x0800669c       0x6c ..\obj\yume_user_interface.o
                0x0800669c                FIRE_LED_Init
 .text.YUME_LED_Interrupt_Init
                0x08006708       0x90 ..\obj\yume_user_interface.o
                0x08006708                YUME_LED_Interrupt_Init
 .text.TIM5_IRQHandler
                0x08006798      0x19c ..\obj\yume_user_interface.o
                0x08006798                TIM5_IRQHandler
 .text.YUME_Servo_Initialization
                0x08006934       0x14 ..\obj\yume_hexapod_cmd.o
                0x08006934                YUME_Servo_Initialization
 .text.Servo_TIM_Init
                0x08006948       0x54 ..\obj\yume_hexapod_cmd.o
                0x08006948                Servo_TIM_Init
 .text.Servo_Interrupt_Init
                0x0800699c      0x18c ..\obj\yume_hexapod_cmd.o
                0x0800699c                Servo_Interrupt_Init
 .text.Servo_GPIO_Init
                0x08006b28      0x138 ..\obj\yume_hexapod_cmd.o
                0x08006b28                Servo_GPIO_Init
 .text.TIM3_IRQHandler
                0x08006c60      0x4b8 ..\obj\yume_hexapod_cmd.o
                0x08006c60                TIM3_IRQHandler
 .text.generate_movement_data
                0x08007118      0x488 ..\obj\yume_hexapod_cmd.o
                0x08007118                generate_movement_data
 .text.inv_kine
                0x080075a0      0x4a0 ..\obj\yume_hexapod_cmd.o
                0x080075a0                inv_kine
 .text.servo_lin_func
                0x08007a40       0x7c ..\obj\yume_hexapod_cmd.o
                0x08007a40                servo_lin_func
 .text.mov_static
                0x08007abc      0x110 ..\obj\yume_hexapod_cmd.o
                0x08007abc                mov_static
 .text.mov_fwd_5cm
                0x08007bcc      0xbc0 ..\obj\yume_hexapod_cmd.o
                0x08007bcc                mov_fwd_5cm
 .text.mov_fwd_3cm
                0x0800878c      0x898 ..\obj\yume_hexapod_cmd.o
                0x0800878c                mov_fwd_3cm
 .text.mov_bwd  0x08009024      0x8dc ..\obj\yume_hexapod_cmd.o
                0x08009024                mov_bwd
 .text.mov_rot_right
                0x08009900      0xbcc ..\obj\yume_hexapod_cmd.o
                0x08009900                mov_rot_right
 .text.mov_rot_left
                0x0800a4cc      0xbcc ..\obj\yume_hexapod_cmd.o
                0x0800a4cc                mov_rot_left
 .text.mov_celebrate
                0x0800b098      0x544 ..\obj\yume_hexapod_cmd.o
                0x0800b098                mov_celebrate
 .text.mov_deflect_right
                0x0800b5dc      0x454 ..\obj\yume_hexapod_cmd.o
                0x0800b5dc                mov_deflect_right
 .text.mov_deflect_left
                0x0800ba30      0x454 ..\obj\yume_hexapod_cmd.o
                0x0800ba30                mov_deflect_left
 .text.YUME_Calibration
                0x0800be84     0x602c ..\obj\yume_hexapod_cmd.o
                0x0800be84                YUME_Calibration
 .text.CMD_ACTUATE
                0x08011eb0       0x58 ..\obj\yume_hexapod_cmd.o
                0x08011eb0                CMD_ACTUATE
 .text.FlameSensor_Init
                0x08011f08       0x48 ..\obj\yume_flame_sensor.o
                0x08011f08                FlameSensor_Init
 .text.ADC1_config
                0x08011f50       0xb0 ..\obj\yume_flame_sensor.o
                0x08011f50                ADC1_config
 .text.GetFlame
                0x08012000       0x2c ..\obj\yume_flame_sensor.o
                0x08012000                GetFlame
 .text.Fwd_FlameSide
                0x0801202c      0x8c4 ..\obj\yume_flame_sensor.o
                0x0801202c                Fwd_FlameSide
 .text.NVIC_Init
                0x080128f0       0xe4 ..\obj\misc.o
                0x080128f0                NVIC_Init
 .text.USART3_Init
                0x080129d4      0x178 ..\obj\yume_ping_receiver.o
                0x080129d4                USART3_Init
 .text.USART3_IRQHandler
                0x08012b4c      0x23c ..\obj\yume_ping_receiver.o
                0x08012b4c                USART3_IRQHandler
 .text.Display_Ping_Status
                0x08012d88      0x1d0 ..\obj\yume_ping_receiver.o
                0x08012d88                Display_Ping_Status
 .text.Send_Ping_Status
                0x08012f58       0x94 ..\obj\yume_ping_receiver.o
                0x08012f58                Send_Ping_Status
 .text.YUME_Dimension_Check
                0x08012fec       0x48 ..\obj\yume2016_algorithm.o
                0x08012fec                YUME_Dimension_Check
 .text.YUME_Home_Detection
                0x08013034      0x1e0 ..\obj\yume2016_algorithm.o
                0x08013034                YUME_Home_Detection
 .text.Escape_Home
                0x08013214      0x1f4 ..\obj\yume2016_algorithm.o
                0x08013214                Escape_Home
 .text.Evade_Wall
                0x08013408      0x270 ..\obj\yume2016_algorithm.o
                0x08013408                Evade_Wall
 .text.Evade_Wall_Room
                0x08013678      0x218 ..\obj\yume2016_algorithm.o
                0x08013678                Evade_Wall_Room
 .text.Cat_Avoider
                0x08013890      0x3b8 ..\obj\yume2016_algorithm.o
                0x08013890                Cat_Avoider
 .text.follow_right_counter
                0x08013c48       0x5c ..\obj\yume2016_algorithm.o
                0x08013c48                follow_right_counter
 .text.PID_follow_right_counter
                0x08013ca4      0x4f0 ..\obj\yume2016_algorithm.o
                0x08013ca4                PID_follow_right_counter
 .text.follow_left_counter
                0x08014194       0x70 ..\obj\yume2016_algorithm.o
                0x08014194                follow_left_counter
 .text.PID_follow_left_counter
                0x08014204      0x4e0 ..\obj\yume2016_algorithm.o
                0x08014204                PID_follow_left_counter
 .text.curve_right_counter
                0x080146e4     0x112c ..\obj\yume2016_algorithm.o
                0x080146e4                curve_right_counter
 .text.curve_left_counter
                0x08015810     0x1158 ..\obj\yume2016_algorithm.o
                0x08015810                curve_left_counter
 .text.FlameSense_PID_Init
                0x08016968      0x10c ..\obj\yume2016_algorithm.o
                0x08016968                FlameSense_PID_Init
 .text.FlameSense_PID_Calc
                0x08016a74      0x328 ..\obj\yume2016_algorithm.o
                0x08016a74                FlameSense_PID_Calc
 .text.Rot_Right_PID
                0x08016d9c      0x7b8 ..\obj\yume2016_algorithm.o
                0x08016d9c                Rot_Right_PID
 .text.Rot_Left_PID
                0x08017554      0x7b8 ..\obj\yume2016_algorithm.o
                0x08017554                Rot_Left_PID
 .text.YUME_FlameScanning
                0x08017d0c      0x900 ..\obj\yume2016_algorithm.o
                0x08017d0c                YUME_FlameScanning
 .text.YUME_FlameExtinguish
                0x0801860c      0x99c ..\obj\yume2016_algorithm.o
                0x0801860c                YUME_FlameExtinguish
 .text.FlameTracking_New
                0x08018fa8      0x11c ..\obj\yume2016_algorithm.o
                0x08018fa8                FlameTracking_New
 .text.PID_FlameTracking_New
                0x080190c4      0x2ec ..\obj\yume2016_algorithm.o
                0x080190c4                PID_FlameTracking_New
 .text.FlameApproach
                0x080193b0       0x24 ..\obj\yume2016_algorithm.o
                0x080193b0                FlameApproach
 .text.PID_FlameApproach
                0x080193d4      0x334 ..\obj\yume2016_algorithm.o
                0x080193d4                PID_FlameApproach
 .text.CurveRight_FlameApproach
                0x08019708      0xcbc ..\obj\yume2016_algorithm.o
                0x08019708                CurveRight_FlameApproach
 .text.CurveLeft_FlameApproach
                0x0801a3c4      0xc74 ..\obj\yume2016_algorithm.o
                0x0801a3c4                CurveLeft_FlameApproach
 .text.FollowTracer_Right
                0x0801b038      0x13c ..\obj\yume2016_algorithm.o
                0x0801b038                FollowTracer_Right
 .text.PID_FollowTracer_Right
                0x0801b174      0x580 ..\obj\yume2016_algorithm.o
                0x0801b174                PID_FollowTracer_Right
 .text.FollowTracer_Left
                0x0801b6f4      0x150 ..\obj\yume2016_algorithm.o
                0x0801b6f4                FollowTracer_Left
 .text.PID_FollowTracer_Left
                0x0801b844      0x538 ..\obj\yume2016_algorithm.o
                0x0801b844                PID_FollowTracer_Left
 .text.FollowCarpet_Right
                0x0801bd7c      0x150 ..\obj\yume2016_algorithm.o
                0x0801bd7c                FollowCarpet_Right
 .text.PID_FollowCarpet_Right
                0x0801becc      0x4ec ..\obj\yume2016_algorithm.o
                0x0801becc                PID_FollowCarpet_Right
 .text.FollowCarpet_Left
                0x0801c3b8      0x178 ..\obj\yume2016_algorithm.o
                0x0801c3b8                FollowCarpet_Left
 .text.PID_FollowCarpet_Left
                0x0801c530      0x4a4 ..\obj\yume2016_algorithm.o
                0x0801c530                PID_FollowCarpet_Left
 .text.FollowHome_Right
                0x0801c9d4      0x118 ..\obj\yume2016_algorithm.o
                0x0801c9d4                FollowHome_Right
 .text.PID_FollowHome_Right
                0x0801caec      0x5ac ..\obj\yume2016_algorithm.o
                0x0801caec                PID_FollowHome_Right
 .text.FollowHome_Left
                0x0801d098      0x118 ..\obj\yume2016_algorithm.o
                0x0801d098                FollowHome_Left
 .text.PID_FollowHome_Left
                0x0801d1b0      0x564 ..\obj\yume2016_algorithm.o
                0x0801d1b0                PID_FollowHome_Left
 .text.RoomTypeDetector
                0x0801d714      0x334 ..\obj\yume2016_algorithm.o
                0x0801d714                RoomTypeDetector
 .text.RoomDetector
                0x0801da48      0xa7c ..\obj\yume2016_algorithm.o
                0x0801da48                RoomDetector
 .text.UVLock_Refresh
                0x0801e4c4       0x28 ..\obj\yume2016_algorithm.o
                0x0801e4c4                UVLock_Refresh
 .text.YUME_Navi
                0x0801e4ec      0x6a4 ..\obj\yume2016_algorithm.o
                0x0801e4ec                YUME_Navi
 .text.Nav_HallwaySC_To_3
                0x0801eb90      0x150 ..\obj\yume2016_algorithm.o
                0x0801eb90                Nav_HallwaySC_To_3
 .text.Nav_HallwaySC_To_2
                0x0801ece0      0x25c ..\obj\yume2016_algorithm.o
                0x0801ece0                Nav_HallwaySC_To_2
 .text.Nav_HallwaySC_To_4B
                0x0801ef3c      0x110 ..\obj\yume2016_algorithm.o
                0x0801ef3c                Nav_HallwaySC_To_4B
 .text.Nav_HallwaySC_To_4A
                0x0801f04c      0x1cc ..\obj\yume2016_algorithm.o
                0x0801f04c                Nav_HallwaySC_To_4A
 .text.Nav_HallwaySC_To_1B
                0x0801f218      0x2a8 ..\obj\yume2016_algorithm.o
                0x0801f218                Nav_HallwaySC_To_1B
 .text.Nav_HallwaySC_To_1A
                0x0801f4c0      0x140 ..\obj\yume2016_algorithm.o
                0x0801f4c0                Nav_HallwaySC_To_1A
 .text.Nav_3_To_HallwaySC
                0x0801f600      0x128 ..\obj\yume2016_algorithm.o
                0x0801f600                Nav_3_To_HallwaySC
 .text.Nav_3_To_2
                0x0801f728      0x128 ..\obj\yume2016_algorithm.o
                0x0801f728                Nav_3_To_2
 .text.Nav_3_To_1A
                0x0801f850      0x188 ..\obj\yume2016_algorithm.o
                0x0801f850                Nav_3_To_1A
 .text.Nav_3_To_1BC
                0x0801f9d8      0x1c0 ..\obj\yume2016_algorithm.o
                0x0801f9d8                Nav_3_To_1BC
 .text.Nav_3_To_4A
                0x0801fb98      0x3b8 ..\obj\yume2016_algorithm.o
                0x0801fb98                Nav_3_To_4A
 .text.Nav_3_To_4B
                0x0801ff50      0x21c ..\obj\yume2016_algorithm.o
                0x0801ff50                Nav_3_To_4B
 .text.Nav_2_To_HallwaySC
                0x0802016c      0x28c ..\obj\yume2016_algorithm.o
                0x0802016c                Nav_2_To_HallwaySC
 .text.Nav_2A_To_1BC
                0x080203f8      0x15c ..\obj\yume2016_algorithm.o
                0x080203f8                Nav_2A_To_1BC
 .text.Nav_2B_To_1BC
                0x08020554      0x100 ..\obj\yume2016_algorithm.o
                0x08020554                Nav_2B_To_1BC
 .text.Nav_2_To_3
                0x08020654      0x344 ..\obj\yume2016_algorithm.o
                0x08020654                Nav_2_To_3
 .text.Nav_2_To_4A
                0x08020998      0x714 ..\obj\yume2016_algorithm.o
                0x08020998                Nav_2_To_4A
 .text.Nav_2_To_4B
                0x080210ac      0x334 ..\obj\yume2016_algorithm.o
                0x080210ac                Nav_2_To_4B
 .text.Nav_2_To_1A
                0x080213e0      0x114 ..\obj\yume2016_algorithm.o
                0x080213e0                Nav_2_To_1A
 .text.Nav_1A_To_HallwaySC
                0x080214f4      0x7a8 ..\obj\yume2016_algorithm.o
                0x080214f4                Nav_1A_To_HallwaySC
 .text.Nav_1A_To_2
                0x08021c9c      0x658 ..\obj\yume2016_algorithm.o
                0x08021c9c                Nav_1A_To_2
 .text.Nav_1A_To_3
                0x080222f4      0x560 ..\obj\yume2016_algorithm.o
                0x080222f4                Nav_1A_To_3
 .text.Nav_1A_To_4B
                0x08022854      0x394 ..\obj\yume2016_algorithm.o
                0x08022854                Nav_1A_To_4B
 .text.Nav_1A_To_4A
                0x08022be8      0x404 ..\obj\yume2016_algorithm.o
                0x08022be8                Nav_1A_To_4A
 .text.Nav_1C_To_HallwaySC
                0x08022fec      0x1dc ..\obj\yume2016_algorithm.o
                0x08022fec                Nav_1C_To_HallwaySC
 .text.Nav_1C_To_2
                0x080231c8      0x150 ..\obj\yume2016_algorithm.o
                0x080231c8                Nav_1C_To_2
 .text.Nav_1B_To_2
                0x08023318      0x260 ..\obj\yume2016_algorithm.o
                0x08023318                Nav_1B_To_2
 .text.Nav_1C_To_3
                0x08023578      0x284 ..\obj\yume2016_algorithm.o
                0x08023578                Nav_1C_To_3
 .text.Nav_1C_To_4A
                0x080237fc      0x370 ..\obj\yume2016_algorithm.o
                0x080237fc                Nav_1C_To_4A
 .text.Nav_1C_To_4B
                0x08023b6c      0x28c ..\obj\yume2016_algorithm.o
                0x08023b6c                Nav_1C_To_4B
 .text.Nav_4A_To_HallwaySC
                0x08023df8      0x304 ..\obj\yume2016_algorithm.o
                0x08023df8                Nav_4A_To_HallwaySC
 .text.Nav_4A_To_3
                0x080240fc      0x850 ..\obj\yume2016_algorithm.o
                0x080240fc                Nav_4A_To_3
 .text.Nav_4A_To_1A
                0x0802494c      0x2f0 ..\obj\yume2016_algorithm.o
                0x0802494c                Nav_4A_To_1A
 .text.Nav_4A_To_2
                0x08024c3c      0x58c ..\obj\yume2016_algorithm.o
                0x08024c3c                Nav_4A_To_2
 .text.Nav_4B_To_HallwaySC
                0x080251c8      0x130 ..\obj\yume2016_algorithm.o
                0x080251c8                Nav_4B_To_HallwaySC
 .text.Nav_4B_To_1A
                0x080252f8      0x1b4 ..\obj\yume2016_algorithm.o
                0x080252f8                Nav_4B_To_1A
 .text.Nav_4B_To_1BC
                0x080254ac      0x274 ..\obj\yume2016_algorithm.o
                0x080254ac                Nav_4B_To_1BC
 .text.Nav_4B_To_2
                0x08025720      0x210 ..\obj\yume2016_algorithm.o
                0x08025720                Nav_4B_To_2
 .text.Nav_4B_To_3
                0x08025930      0x2d8 ..\obj\yume2016_algorithm.o
                0x08025930                Nav_4B_To_3
 .text.TCSlave_Check
                0x08025c08      0x150 ..\obj\yume2016_algorithm.o
                0x08025c08                TCSlave_Check
 .text.HomeCircle_Detector
                0x08025d58       0x20 ..\obj\yume2016_algorithm.o
                0x08025d58                HomeCircle_Detector
 .text.Exit_No_Fire
                0x08025d78      0x71c ..\obj\yume2016_algorithm.o
                0x08025d78                Exit_No_Fire
 .text.Stabilize_After_Exit
                0x08026494       0xa4 ..\obj\yume2016_algorithm.o
                0x08026494                Stabilize_After_Exit
 .text.YUME_Room
                0x08026538      0x5d0 ..\obj\yume2016_algorithm.o
                0x08026538                YUME_Room
 .text.YUME_Strategy
                0x08026b08      0x890 ..\obj\yume2016_algorithm.o
                0x08026b08                YUME_Strategy
 .text.YUME_ReturnTrip
                0x08027398     0x10e0 ..\obj\yume2016_algorithm.o
                0x08027398                YUME_ReturnTrip
 .text.YUME_FlameCheck
                0x08028478      0x97c ..\obj\yume2016_algorithm.o
                0x08028478                YUME_FlameCheck
 .text.YUME_CandleScan
                0x08028df4      0xe30 ..\obj\yume2016_algorithm.o
                0x08028df4                YUME_CandleScan
 .text.FireFight_FrontDetector
                0x08029c24       0x34 ..\obj\yume2016_algorithm.o
                0x08029c24                FireFight_FrontDetector
 .text.FireFight_FlameDetector
                0x08029c58       0x58 ..\obj\yume2016_algorithm.o
                0x08029c58                FireFight_FlameDetector
 .text.FireFight_CandleStickDetector
                0x08029cb0       0xe8 ..\obj\yume2016_algorithm.o
                0x08029cb0                FireFight_CandleStickDetector
 .text.FireFight_CandleFireDetector
                0x08029d98       0x34 ..\obj\yume2016_algorithm.o
                0x08029d98                FireFight_CandleFireDetector
 .text.YUME_FlameFollowDemo
                0x08029dcc     0x11d0 ..\obj\yume2016_algorithm.o
                0x08029dcc                YUME_FlameFollowDemo
 .text.Nav_TurnAround
                0x0802af9c      0x1fc ..\obj\yume2016_algorithm.o
                0x0802af9c                Nav_TurnAround
 .text.YUME_BLDC_Extinguish
                0x0802b198      0x7a4 ..\obj\yume2016_algorithm.o
                0x0802b198                YUME_BLDC_Extinguish
 .text.FlameSenseDigi_PID_Init
                0x0802b93c      0x10c ..\obj\yume2016_algorithm.o
                0x0802b93c                FlameSenseDigi_PID_Init
 .text.FlameSense_PID_Calc_Ver3
                0x0802ba48      0x328 ..\obj\yume2016_algorithm.o
                0x0802ba48                FlameSense_PID_Calc_Ver3
 .text.FlameTracking_Ver3
                0x0802bd70      0x120 ..\obj\yume2016_algorithm.o
                0x0802bd70                FlameTracking_Ver3
 .text.PID_FlameTracking_Ver3
                0x0802be90      0x28c ..\obj\yume2016_algorithm.o
                0x0802be90                PID_FlameTracking_Ver3
 .text.FlameApproach_Ver2
                0x0802c11c       0x18 ..\obj\yume2016_algorithm.o
                0x0802c11c                FlameApproach_Ver2
 .text.PID_FlameApproach_Ver2
                0x0802c134      0x310 ..\obj\yume2016_algorithm.o
                0x0802c134                PID_FlameApproach_Ver2
 .text.YUME_FireFight_Ver5
                0x0802c444      0x784 ..\obj\yume2016_algorithm.o
                0x0802c444                YUME_FireFight_Ver5
 .text.Get_UV   0x0802cbc8       0x48 ..\obj\yume_UV-TRON.o
                0x0802cbc8                Get_UV
 .text.TIM_TimeBaseInit
                0x0802cc10       0xf4 ..\obj\stm32f4xx_tim.o
                0x0802cc10                TIM_TimeBaseInit
 .text.TIM_Cmd  0x0802cd04       0x40 ..\obj\stm32f4xx_tim.o
                0x0802cd04                TIM_Cmd
 .text.TIM_OC1Init
                0x0802cd44       0xfc ..\obj\stm32f4xx_tim.o
                0x0802cd44                TIM_OC1Init
 .text.TIM_OC2Init
                0x0802ce40      0x128 ..\obj\stm32f4xx_tim.o
                0x0802ce40                TIM_OC2Init
 .text.TIM_OC3Init
                0x0802cf68      0x120 ..\obj\stm32f4xx_tim.o
                0x0802cf68                TIM_OC3Init
 .text.TIM_OC1PreloadConfig
                0x0802d088       0x38 ..\obj\stm32f4xx_tim.o
                0x0802d088                TIM_OC1PreloadConfig
 .text.TIM_OC2PreloadConfig
                0x0802d0c0       0x40 ..\obj\stm32f4xx_tim.o
                0x0802d0c0                TIM_OC2PreloadConfig
 .text.TIM_OC3PreloadConfig
                0x0802d100       0x38 ..\obj\stm32f4xx_tim.o
                0x0802d100                TIM_OC3PreloadConfig
 .text.TIM_ITConfig
                0x0802d138       0x48 ..\obj\stm32f4xx_tim.o
                0x0802d138                TIM_ITConfig
 .text.TIM_GetITStatus
                0x0802d180       0x60 ..\obj\stm32f4xx_tim.o
                0x0802d180                TIM_GetITStatus
 .text.TIM_ClearITPendingBit
                0x0802d1e0       0x24 ..\obj\stm32f4xx_tim.o
                0x0802d1e0                TIM_ClearITPendingBit
 *fill*         0x0802d204        0x4 00
 .text.atan     0x0802d208      0x388 C:\Softwares\CooCox\GNU Tools ARM Embedded\4.6 2012q2\arm-none-eabi\lib\armv7e-m\fpu\libm.a(lib_a-s_atan.o)
                0x0802d208                atan
 .text.cos      0x0802d590       0xb0 C:\Softwares\CooCox\GNU Tools ARM Embedded\4.6 2012q2\arm-none-eabi\lib\armv7e-m\fpu\libm.a(lib_a-s_cos.o)
                0x0802d590                cos
 .text.fabs     0x0802d640       0x14 C:\Softwares\CooCox\GNU Tools ARM Embedded\4.6 2012q2\arm-none-eabi\lib\armv7e-m\fpu\libm.a(lib_a-s_fabs.o)
                0x0802d640                fabs
 .text.__fpclassifyd
                0x0802d654       0x70 C:\Softwares\CooCox\GNU Tools ARM Embedded\4.6 2012q2\arm-none-eabi\lib\armv7e-m\fpu\libm.a(lib_a-s_fpclassify.o)
                0x0802d654                __fpclassifyd
 *fill*         0x0802d6c4        0x4 00
 .text.sin      0x0802d6c8       0xb8 C:\Softwares\CooCox\GNU Tools ARM Embedded\4.6 2012q2\arm-none-eabi\lib\armv7e-m\fpu\libm.a(lib_a-s_sin.o)
                0x0802d6c8                sin
 .text.acos     0x0802d780       0xc0 C:\Softwares\CooCox\GNU Tools ARM Embedded\4.6 2012q2\arm-none-eabi\lib\armv7e-m\fpu\libm.a(lib_a-w_acos.o)
                0x0802d780                acos
 .text.__ieee754_acos
                0x0802d840      0x508 C:\Softwares\CooCox\GNU Tools ARM Embedded\4.6 2012q2\arm-none-eabi\lib\armv7e-m\fpu\libm.a(lib_a-e_acos.o)
                0x0802d840                __ieee754_acos
 .text.__ieee754_rem_pio2
                0x0802dd48      0x478 C:\Softwares\CooCox\GNU Tools ARM Embedded\4.6 2012q2\arm-none-eabi\lib\armv7e-m\fpu\libm.a(lib_a-e_rem_pio2.o)
                0x0802dd48                __ieee754_rem_pio2
 .text.__ieee754_sqrt
                0x0802e1c0      0x1c4 C:\Softwares\CooCox\GNU Tools ARM Embedded\4.6 2012q2\arm-none-eabi\lib\armv7e-m\fpu\libm.a(lib_a-e_sqrt.o)
                0x0802e1c0                __ieee754_sqrt
 *fill*         0x0802e384        0x4 00
 .text.__kernel_cos
                0x0802e388      0x270 C:\Softwares\CooCox\GNU Tools ARM Embedded\4.6 2012q2\arm-none-eabi\lib\armv7e-m\fpu\libm.a(lib_a-k_cos.o)
                0x0802e388                __kernel_cos
 .text.__kernel_rem_pio2
                0x0802e5f8      0x808 C:\Softwares\CooCox\GNU Tools ARM Embedded\4.6 2012q2\arm-none-eabi\lib\armv7e-m\fpu\libm.a(lib_a-k_rem_pio2.o)
                0x0802e5f8                __kernel_rem_pio2
 .text.__kernel_sin
                0x0802ee00      0x178 C:\Softwares\CooCox\GNU Tools ARM Embedded\4.6 2012q2\arm-none-eabi\lib\armv7e-m\fpu\libm.a(lib_a-k_sin.o)
                0x0802ee00                __kernel_sin
 .text.floor    0x0802ef78      0x150 C:\Softwares\CooCox\GNU Tools ARM Embedded\4.6 2012q2\arm-none-eabi\lib\armv7e-m\fpu\libm.a(lib_a-s_floor.o)
                0x0802ef78                floor
 .text.matherr  0x0802f0c8        0x4 C:\Softwares\CooCox\GNU Tools ARM Embedded\4.6 2012q2\arm-none-eabi\lib\armv7e-m\fpu\libm.a(lib_a-s_matherr.o)
                0x0802f0c8                matherr
 *fill*         0x0802f0cc        0x4 00
 .text.nan      0x0802f0d0       0x10 C:\Softwares\CooCox\GNU Tools ARM Embedded\4.6 2012q2\arm-none-eabi\lib\armv7e-m\fpu\libm.a(lib_a-s_nan.o)
                0x0802f0d0                nan
 .text.scalbn   0x0802f0e0      0x120 C:\Softwares\CooCox\GNU Tools ARM Embedded\4.6 2012q2\arm-none-eabi\lib\armv7e-m\fpu\libm.a(lib_a-s_scalbn.o)
                0x0802f0e0                scalbn
 .text.copysign
                0x0802f200       0x24 C:\Softwares\CooCox\GNU Tools ARM Embedded\4.6 2012q2\arm-none-eabi\lib\armv7e-m\fpu\libm.a(lib_a-s_copysign.o)
                0x0802f200                copysign
 .text          0x0802f224      0x370 c:/softwares/coocox/gnu tools arm embedded/4.6 2012q2/bin/../lib/gcc/arm-none-eabi/4.6.2/armv7e-m/fpu\libgcc.a(_arm_addsubdf3.o)
                0x0802f224                __aeabi_drsub
                0x0802f22c                __aeabi_dsub
                0x0802f22c                __subdf3
                0x0802f230                __aeabi_dadd
                0x0802f230                __adddf3
                0x0802f4a8                __floatunsidf
                0x0802f4a8                __aeabi_ui2d
                0x0802f4c8                __floatsidf
                0x0802f4c8                __aeabi_i2d
                0x0802f4ec                __aeabi_f2d
                0x0802f4ec                __extendsfdf2
                0x0802f528                __floatundidf
                0x0802f528                __aeabi_ul2d
                0x0802f538                __floatdidf
                0x0802f538                __aeabi_l2d
 .text          0x0802f594      0x424 c:/softwares/coocox/gnu tools arm embedded/4.6 2012q2/bin/../lib/gcc/arm-none-eabi/4.6.2/armv7e-m/fpu\libgcc.a(_arm_muldivdf3.o)
                0x0802f594                __aeabi_dmul
                0x0802f594                __muldf3
                0x0802f7e8                __divdf3
                0x0802f7e8                __aeabi_ddiv
 .text          0x0802f9b8      0x110 c:/softwares/coocox/gnu tools arm embedded/4.6 2012q2/bin/../lib/gcc/arm-none-eabi/4.6.2/armv7e-m/fpu\libgcc.a(_arm_cmpdf2.o)
                0x0802f9b8                __gtdf2
                0x0802f9b8                __gedf2
                0x0802f9c0                __ltdf2
                0x0802f9c0                __ledf2
                0x0802f9c8                __nedf2
                0x0802f9c8                __eqdf2
                0x0802f9c8                __cmpdf2
                0x0802fa44                __aeabi_cdrcmple
                0x0802fa54                __aeabi_cdcmpeq
                0x0802fa54                __aeabi_cdcmple
                0x0802fa64                __aeabi_dcmpeq
                0x0802fa78                __aeabi_dcmplt
                0x0802fa8c                __aeabi_dcmple
                0x0802faa0                __aeabi_dcmpge
                0x0802fab4                __aeabi_dcmpgt
 .text          0x0802fac8       0x50 c:/softwares/coocox/gnu tools arm embedded/4.6 2012q2/bin/../lib/gcc/arm-none-eabi/4.6.2/armv7e-m/fpu\libgcc.a(_arm_fixdfsi.o)
                0x0802fac8                __aeabi_d2iz
                0x0802fac8                __fixdfsi
 .text          0x0802fb18       0xa0 c:/softwares/coocox/gnu tools arm embedded/4.6 2012q2/bin/../lib/gcc/arm-none-eabi/4.6.2/armv7e-m/fpu\libgcc.a(_arm_truncdfsf2.o)
                0x0802fb18                __truncdfsf2
                0x0802fb18                __aeabi_d2f
 .text.__errno  0x0802fbb8        0xc C:\Softwares\CooCox\GNU Tools ARM Embedded\4.6 2012q2\arm-none-eabi\lib\armv7e-m\fpu\libc.a(lib_a-errno.o)
                0x0802fbb8                __errno
 .text.memcpy   0x0802fbc4       0x84 C:\Softwares\CooCox\GNU Tools ARM Embedded\4.6 2012q2\arm-none-eabi\lib\armv7e-m\fpu\libc.a(lib_a-memcpy.o)
                0x0802fbc4                memcpy
 .text.sprintf  0x0802fc48       0x50 C:\Softwares\CooCox\GNU Tools ARM Embedded\4.6 2012q2\arm-none-eabi\lib\armv7e-m\fpu\libc.a(lib_a-sprintf.o)
                0x0802fc48                sprintf
 .text.strlen   0x0802fc98       0x60 C:\Softwares\CooCox\GNU Tools ARM Embedded\4.6 2012q2\arm-none-eabi\lib\armv7e-m\fpu\libc.a(lib_a-strlen.o)
                0x0802fc98                strlen
 .text._svfprintf_r
                0x0802fcf8     0x1428 C:\Softwares\CooCox\GNU Tools ARM Embedded\4.6 2012q2\arm-none-eabi\lib\armv7e-m\fpu\libc.a(lib_a-svfprintf.o)
                0x0802fcf8                _svfprintf_r
 .text.quorem   0x08031120      0x14c C:\Softwares\CooCox\GNU Tools ARM Embedded\4.6 2012q2\arm-none-eabi\lib\armv7e-m\fpu\libc.a(lib_a-dtoa.o)
 *fill*         0x0803126c        0x4 00
 .text._dtoa_r  0x08031270      0xe68 C:\Softwares\CooCox\GNU Tools ARM Embedded\4.6 2012q2\arm-none-eabi\lib\armv7e-m\fpu\libc.a(lib_a-dtoa.o)
                0x08031270                _dtoa_r
 .text._localeconv_r
                0x080320d8        0xc C:\Softwares\CooCox\GNU Tools ARM Embedded\4.6 2012q2\arm-none-eabi\lib\armv7e-m\fpu\libc.a(lib_a-locale.o)
                0x080320d8                _localeconv_r
 .text._malloc_r
                0x080320e4      0x540 C:\Softwares\CooCox\GNU Tools ARM Embedded\4.6 2012q2\arm-none-eabi\lib\armv7e-m\fpu\libc.a(lib_a-mallocr.o)
                0x080320e4                _malloc_r
 .text.memchr   0x08032624       0x84 C:\Softwares\CooCox\GNU Tools ARM Embedded\4.6 2012q2\arm-none-eabi\lib\armv7e-m\fpu\libc.a(lib_a-memchr.o)
                0x08032624                memchr
 .text.__malloc_lock
                0x080326a8        0x4 C:\Softwares\CooCox\GNU Tools ARM Embedded\4.6 2012q2\arm-none-eabi\lib\armv7e-m\fpu\libc.a(lib_a-mlock.o)
                0x080326a8                __malloc_lock
 .text.__malloc_unlock
                0x080326ac        0x4 C:\Softwares\CooCox\GNU Tools ARM Embedded\4.6 2012q2\arm-none-eabi\lib\armv7e-m\fpu\libc.a(lib_a-mlock.o)
                0x080326ac                __malloc_unlock
 .text._Balloc  0x080326b0       0x4c C:\Softwares\CooCox\GNU Tools ARM Embedded\4.6 2012q2\arm-none-eabi\lib\armv7e-m\fpu\libc.a(lib_a-mprec.o)
                0x080326b0                _Balloc
 .text._Bfree   0x080326fc       0x14 C:\Softwares\CooCox\GNU Tools ARM Embedded\4.6 2012q2\arm-none-eabi\lib\armv7e-m\fpu\libc.a(lib_a-mprec.o)
                0x080326fc                _Bfree
 .text.__multadd
                0x08032710       0x84 C:\Softwares\CooCox\GNU Tools ARM Embedded\4.6 2012q2\arm-none-eabi\lib\armv7e-m\fpu\libc.a(lib_a-mprec.o)
                0x08032710                __multadd
 .text.__hi0bits
                0x08032794       0x3c C:\Softwares\CooCox\GNU Tools ARM Embedded\4.6 2012q2\arm-none-eabi\lib\armv7e-m\fpu\libc.a(lib_a-mprec.o)
                0x08032794                __hi0bits
 .text.__lo0bits
                0x080327d0       0x5c C:\Softwares\CooCox\GNU Tools ARM Embedded\4.6 2012q2\arm-none-eabi\lib\armv7e-m\fpu\libc.a(lib_a-mprec.o)
                0x080327d0                __lo0bits
 .text.__i2b    0x0803282c       0x14 C:\Softwares\CooCox\GNU Tools ARM Embedded\4.6 2012q2\arm-none-eabi\lib\armv7e-m\fpu\libc.a(lib_a-mprec.o)
                0x0803282c                __i2b
 .text.__multiply
                0x08032840      0x144 C:\Softwares\CooCox\GNU Tools ARM Embedded\4.6 2012q2\arm-none-eabi\lib\armv7e-m\fpu\libc.a(lib_a-mprec.o)
                0x08032840                __multiply
 .text.__pow5mult
                0x08032984       0x98 C:\Softwares\CooCox\GNU Tools ARM Embedded\4.6 2012q2\arm-none-eabi\lib\armv7e-m\fpu\libc.a(lib_a-mprec.o)
                0x08032984                __pow5mult
 .text.__lshift
                0x08032a1c       0xc0 C:\Softwares\CooCox\GNU Tools ARM Embedded\4.6 2012q2\arm-none-eabi\lib\armv7e-m\fpu\libc.a(lib_a-mprec.o)
                0x08032a1c                __lshift
 .text.__mcmp   0x08032adc       0x3c C:\Softwares\CooCox\GNU Tools ARM Embedded\4.6 2012q2\arm-none-eabi\lib\armv7e-m\fpu\libc.a(lib_a-mprec.o)
                0x08032adc                __mcmp
 .text.__mdiff  0x08032b18       0xd8 C:\Softwares\CooCox\GNU Tools ARM Embedded\4.6 2012q2\arm-none-eabi\lib\armv7e-m\fpu\libc.a(lib_a-mprec.o)
                0x08032b18                __mdiff
 .text.__d2b    0x08032bf0       0xc8 C:\Softwares\CooCox\GNU Tools ARM Embedded\4.6 2012q2\arm-none-eabi\lib\armv7e-m\fpu\libc.a(lib_a-mprec.o)
                0x08032bf0                __d2b
 .text._sbrk_r  0x08032cb8       0x24 C:\Softwares\CooCox\GNU Tools ARM Embedded\4.6 2012q2\arm-none-eabi\lib\armv7e-m\fpu\libc.a(lib_a-sbrkr.o)
                0x08032cb8                _sbrk_r
 .text.__ssprint_r
                0x08032cdc       0xfc C:\Softwares\CooCox\GNU Tools ARM Embedded\4.6 2012q2\arm-none-eabi\lib\armv7e-m\fpu\libc.a(lib_a-svfiprintf.o)
                0x08032cdc                __ssprint_r
 .text._calloc_r
                0x08032dd8       0x60 C:\Softwares\CooCox\GNU Tools ARM Embedded\4.6 2012q2\arm-none-eabi\lib\armv7e-m\fpu\libc.a(lib_a-callocr.o)
                0x08032dd8                _calloc_r
 .text._malloc_trim_r
                0x08032e38       0xa0 C:\Softwares\CooCox\GNU Tools ARM Embedded\4.6 2012q2\arm-none-eabi\lib\armv7e-m\fpu\libc.a(lib_a-freer.o)
                0x08032e38                _malloc_trim_r
 .text._free_r  0x08032ed8      0x190 C:\Softwares\CooCox\GNU Tools ARM Embedded\4.6 2012q2\arm-none-eabi\lib\armv7e-m\fpu\libc.a(lib_a-freer.o)
                0x08032ed8                _free_r
 .text.memmove  0x08033068       0xb0 C:\Softwares\CooCox\GNU Tools ARM Embedded\4.6 2012q2\arm-none-eabi\lib\armv7e-m\fpu\libc.a(lib_a-memmove.o)
                0x08033068                memmove
 .text.memset   0x08033118       0x90 C:\Softwares\CooCox\GNU Tools ARM Embedded\4.6 2012q2\arm-none-eabi\lib\armv7e-m\fpu\libc.a(lib_a-memset.o)
                0x08033118                memset
 .text._realloc_r
                0x080331a8      0x3e0 C:\Softwares\CooCox\GNU Tools ARM Embedded\4.6 2012q2\arm-none-eabi\lib\armv7e-m\fpu\libc.a(lib_a-reallocr.o)
                0x080331a8                _realloc_r
 .text          0x08033588       0x2c c:/softwares/coocox/gnu tools arm embedded/4.6 2012q2/bin/../lib/gcc/arm-none-eabi/4.6.2/armv7e-m/fpu\libgcc.a(_aeabi_uldivmod.o)
                0x08033588                __aeabi_uldivmod
 .text          0x080335b4       0x58 c:/softwares/coocox/gnu tools arm embedded/4.6 2012q2/bin/../lib/gcc/arm-none-eabi/4.6.2/armv7e-m/fpu\libgcc.a(bpabi.o)
                0x080335b4                __gnu_ldivmod_helper
                0x080335e0                __gnu_uldivmod_helper
 .text          0x0803360c      0xb54 c:/softwares/coocox/gnu tools arm embedded/4.6 2012q2/bin/../lib/gcc/arm-none-eabi/4.6.2/armv7e-m/fpu\libgcc.a(unwind-arm.o)
                0x080338b4                _Unwind_VRS_Get
                0x080338f4                _Unwind_VRS_Set
                0x08033c54                __aeabi_unwind_cpp_pr2
                0x08033c58                __aeabi_unwind_cpp_pr1
                0x08033c5c                __aeabi_unwind_cpp_pr0
                0x08033c60                _Unwind_VRS_Pop
                0x08034014                _Unwind_GetCFA
                0x08034018                __gnu_Unwind_RaiseException
                0x08034078                __gnu_Unwind_ForcedUnwind
                0x0803408c                __gnu_Unwind_Resume
                0x080340c8                __gnu_Unwind_Resume_or_Rethrow
                0x080340d8                _Unwind_Complete
                0x080340dc                _Unwind_DeleteException
                0x080340ec                __gnu_Unwind_Backtrace
 .text          0x08034160      0x1ac c:/softwares/coocox/gnu tools arm embedded/4.6 2012q2/bin/../lib/gcc/arm-none-eabi/4.6.2/armv7e-m/fpu\libgcc.a(libunwind.o)
                0x08034160                __restore_core_regs
                0x08034160                restore_core_regs
                0x08034178                __gnu_Unwind_Restore_VFP
                0x08034180                __gnu_Unwind_Save_VFP
                0x08034188                __gnu_Unwind_Restore_VFP_D
                0x08034190                __gnu_Unwind_Save_VFP_D
                0x08034198                __gnu_Unwind_Restore_VFP_D_16_to_31
                0x080341a0                __gnu_Unwind_Save_VFP_D_16_to_31
                0x080341a8                __gnu_Unwind_Restore_WMMXD
                0x080341ec                __gnu_Unwind_Save_WMMXD
                0x08034230                __gnu_Unwind_Restore_WMMXC
                0x08034244                __gnu_Unwind_Save_WMMXC
                0x08034258                ___Unwind_RaiseException
                0x08034258                _Unwind_RaiseException
                0x0803427c                _Unwind_Resume
                0x0803427c                ___Unwind_Resume
                0x080342a0                _Unwind_Resume_or_Rethrow
                0x080342a0                ___Unwind_Resume_or_Rethrow
                0x080342c4                _Unwind_ForcedUnwind
                0x080342c4                ___Unwind_ForcedUnwind
                0x080342e8                ___Unwind_Backtrace
                0x080342e8                _Unwind_Backtrace
 .text          0x0803430c      0x374 c:/softwares/coocox/gnu tools arm embedded/4.6 2012q2/bin/../lib/gcc/arm-none-eabi/4.6.2/armv7e-m/fpu\libgcc.a(pr-support.o)
                0x08034360                __gnu_unwind_execute
                0x08034628                __gnu_unwind_frame
                0x08034650                _Unwind_GetRegionStart
                0x0803465c                _Unwind_GetLanguageSpecificData
                0x08034670                _Unwind_GetDataRelBase
                0x08034678                _Unwind_GetTextRelBase
 .text          0x08034680        0x4 c:/softwares/coocox/gnu tools arm embedded/4.6 2012q2/bin/../lib/gcc/arm-none-eabi/4.6.2/armv7e-m/fpu\libgcc.a(_dvmd_tls.o)
                0x08034680                __aeabi_idiv0
                0x08034680                __aeabi_ldiv0
 .text          0x08034684      0x2c8 c:/softwares/coocox/gnu tools arm embedded/4.6 2012q2/bin/../lib/gcc/arm-none-eabi/4.6.2/armv7e-m/fpu\libgcc.a(_divdi3.o)
                0x08034684                __divdi3
 .text          0x0803494c      0x298 c:/softwares/coocox/gnu tools arm embedded/4.6 2012q2/bin/../lib/gcc/arm-none-eabi/4.6.2/armv7e-m/fpu\libgcc.a(_udivdi3.o)
                0x0803494c                __udivdi3
 *(.init)
 *(.fini)
 *crtbegin.o(.ctors)
 *crtbegin?.o(.ctors)
 *(EXCLUDE_FILE(*crtend.o *crtend?.o) .ctors)
 *(SORT(.ctors.*))
 *(.ctors)
 *crtbegin.o(.dtors)
 *crtbegin?.o(.dtors)
 *(EXCLUDE_FILE(*crtend.o *crtend?.o) .dtors)
 *(SORT(.dtors.*))
 *(.dtors)
 *(.rodata*)
 .rodata        0x08034be4       0x38 ..\obj\yume_bumper.o
 .rodata        0x08034c1c       0xf8 ..\obj\yume_rotary_switch.o
 .rodata        0x08034d14      0x320 ..\obj\yume_tcs3200_receiver.o
 .rodata        0x08035034       0x84 ..\obj\yume_usart_comm.o
 .rodata        0x080350b8       0x3c ..\obj\yume_extinguisher.o
 .rodata        0x080350f4      0x178 ..\obj\main.o
 .rodata        0x0803526c       0x40 ..\obj\yume_utilities.o
 .rodata        0x080352ac      0x104 ..\obj\yume_global_var.o
                0x080352ac                A_const
                0x080352f4                B_const
                0x0803533c                leg_1
                0x08035354                leg_norm
                0x0803536c                alpha
                0x08035384                Gyro_Sensitivity_1000s
                0x08035388                Gyro_Sensitivity_2000s
                0x0803538c                TCS_CALIBRATE_WHITE
                0x08035390                TCS_CALIBRATE_BLACK
                0x08035394                TCS_CALIBRATE_GRAY
                0x08035398                TCS_CALIBRATE_GETRULE
                0x0803539c                TCS_FRONT_SHOW_THRESHOLD
                0x080353a0                TCS_MIDDLE_SHOW_THRESHOLD
                0x080353a4                TRACER_CALIBRATE_GRAY
                0x080353a8                TRACER_CALIBRATE_WHITE
                0x080353ac                TRACER_CALIBRATE_GETRULE
 .rodata        0x080353b0       0x4c ..\obj\yume_infrared_proximity.o
 .rodata        0x080353fc      0x4cc ..\obj\yume_hexapod_cmd.o
                0x080353fc                STATIC_LOW_CLEARANCE
                0x08035400                STATIC_MED_CLEARANCE
                0x08035404                STATIC_HIGH_CLEARANCE
                0x08035408                SEARCH_FIRE
                0x0803540c                FORWARD
                0x08035410                BACKWARD
                0x08035414                ROTATE_RIGHT
                0x08035418                ROTATE_LEFT
                0x0803541c                CURVE_RIGHT
                0x08035420                CURVE_LEFT
                0x08035424                ASKEW_RIGHT
                0x08035428                ASKEW_LEFT
                0x0803542c                FWD_RIPPLE
                0x08035430                FWD_WAVE
 .rodata        0x080358c8       0x2c ..\obj\yume_flame_sensor.o
 .rodata        0x080358f4       0xf8 ..\obj\yume_ping_receiver.o
 .rodata        0x080359ec      0xa7c ..\obj\yume2016_algorithm.o
 .rodata.atanlo
                0x08036468       0x20 C:\Softwares\CooCox\GNU Tools ARM Embedded\4.6 2012q2\arm-none-eabi\lib\armv7e-m\fpu\libm.a(lib_a-s_atan.o)
 .rodata.atanhi
                0x08036488       0x20 C:\Softwares\CooCox\GNU Tools ARM Embedded\4.6 2012q2\arm-none-eabi\lib\armv7e-m\fpu\libm.a(lib_a-s_atan.o)
 .rodata.str1.4
                0x080364a8        0x5 C:\Softwares\CooCox\GNU Tools ARM Embedded\4.6 2012q2\arm-none-eabi\lib\armv7e-m\fpu\libm.a(lib_a-w_acos.o)
                                  0xc (size before relaxing)
 *fill*         0x080364ad        0x3 00
 .rodata.npio2_hw
                0x080364b0       0x80 C:\Softwares\CooCox\GNU Tools ARM Embedded\4.6 2012q2\arm-none-eabi\lib\armv7e-m\fpu\libm.a(lib_a-e_rem_pio2.o)
 .rodata.two_over_pi
                0x08036530      0x108 C:\Softwares\CooCox\GNU Tools ARM Embedded\4.6 2012q2\arm-none-eabi\lib\armv7e-m\fpu\libm.a(lib_a-e_rem_pio2.o)
 .rodata.init_jk
                0x08036638       0x10 C:\Softwares\CooCox\GNU Tools ARM Embedded\4.6 2012q2\arm-none-eabi\lib\armv7e-m\fpu\libm.a(lib_a-k_rem_pio2.o)
 .rodata.PIo2   0x08036648       0x40 C:\Softwares\CooCox\GNU Tools ARM Embedded\4.6 2012q2\arm-none-eabi\lib\armv7e-m\fpu\libm.a(lib_a-k_rem_pio2.o)
 .rodata.str1.4
                0x08036688        0x2 C:\Softwares\CooCox\GNU Tools ARM Embedded\4.6 2012q2\arm-none-eabi\lib\armv7e-m\fpu\libc.a(lib_a-impure.o)
                                  0x4 (size before relaxing)
 *fill*         0x0803668a        0x2 00
 .rodata.zeroes.6590
                0x0803668c       0x10 C:\Softwares\CooCox\GNU Tools ARM Embedded\4.6 2012q2\arm-none-eabi\lib\armv7e-m\fpu\libc.a(lib_a-svfprintf.o)
 .rodata.str1.4
                0x0803669c       0x42 C:\Softwares\CooCox\GNU Tools ARM Embedded\4.6 2012q2\arm-none-eabi\lib\armv7e-m\fpu\libc.a(lib_a-svfprintf.o)
                                 0x44 (size before relaxing)
 *fill*         0x080366de        0x2 00
 .rodata.blanks.6589
                0x080366e0       0x10 C:\Softwares\CooCox\GNU Tools ARM Embedded\4.6 2012q2\arm-none-eabi\lib\armv7e-m\fpu\libc.a(lib_a-svfprintf.o)
 .rodata.str1.4
                0x080366f0       0x10 C:\Softwares\CooCox\GNU Tools ARM Embedded\4.6 2012q2\arm-none-eabi\lib\armv7e-m\fpu\libc.a(lib_a-dtoa.o)
                                 0x14 (size before relaxing)
 .rodata.str1.4
                0x08036700        0xc C:\Softwares\CooCox\GNU Tools ARM Embedded\4.6 2012q2\arm-none-eabi\lib\armv7e-m\fpu\libc.a(lib_a-locale.o)
                                 0x14 (size before relaxing)
 *fill*         0x0803670c        0x4 00
 .rodata.__mprec_tens
                0x08036710       0xc8 C:\Softwares\CooCox\GNU Tools ARM Embedded\4.6 2012q2\arm-none-eabi\lib\armv7e-m\fpu\libc.a(lib_a-mprec.o)
                0x08036710                __mprec_tens
 .rodata.__mprec_bigtens
                0x080367d8       0x28 C:\Softwares\CooCox\GNU Tools ARM Embedded\4.6 2012q2\arm-none-eabi\lib\armv7e-m\fpu\libc.a(lib_a-mprec.o)
                0x080367d8                __mprec_bigtens
 .rodata.p05.5111
                0x08036800        0xc C:\Softwares\CooCox\GNU Tools ARM Embedded\4.6 2012q2\arm-none-eabi\lib\armv7e-m\fpu\libc.a(lib_a-mprec.o)
 *(.eh_fram e*)

.glue_7         0x0803680c        0x0
 .glue_7        0x00000000        0x0 linker stubs

.glue_7t        0x0803680c        0x0
 .glue_7t       0x00000000        0x0 linker stubs

.vfp11_veneer   0x0803680c        0x0
 .vfp11_veneer  0x00000000        0x0 linker stubs

.v4_bx          0x0803680c        0x0
 .v4_bx         0x00000000        0x0 linker stubs

.ARM.extab      0x0803680c       0x30
 *(.ARM.extab* .gnu.linkonce.armextab.*)
 .ARM.extab     0x0803680c       0x18 c:/softwares/coocox/gnu tools arm embedded/4.6 2012q2/bin/../lib/gcc/arm-none-eabi/4.6.2/armv7e-m/fpu\libgcc.a(unwind-arm.o)
 .ARM.extab     0x08036824       0x18 c:/softwares/coocox/gnu tools arm embedded/4.6 2012q2/bin/../lib/gcc/arm-none-eabi/4.6.2/armv7e-m/fpu\libgcc.a(pr-support.o)
                0x0803683c                __exidx_start = .

.ARM.exidx      0x0803683c       0xe0
 *(.ARM.exidx* .gnu.linkonce.armexidx.*)
 .ARM.exidx     0x0803683c        0x8 c:/softwares/coocox/gnu tools arm embedded/4.6 2012q2/bin/../lib/gcc/arm-none-eabi/4.6.2/armv7e-m/fpu\libgcc.a(bpabi.o)
                                 0x10 (size before relaxing)
 .ARM.exidx     0x08036844       0x88 c:/softwares/coocox/gnu tools arm embedded/4.6 2012q2/bin/../lib/gcc/arm-none-eabi/4.6.2/armv7e-m/fpu\libgcc.a(unwind-arm.o)
                                 0xc0 (size before relaxing)
 .ARM.exidx     0x080368cc       0x38 c:/softwares/coocox/gnu tools arm embedded/4.6 2012q2/bin/../lib/gcc/arm-none-eabi/4.6.2/armv7e-m/fpu\libgcc.a(pr-support.o)
                                 0x48 (size before relaxing)
 .ARM.exidx     0x08036904        0x8 c:/softwares/coocox/gnu tools arm embedded/4.6 2012q2/bin/../lib/gcc/arm-none-eabi/4.6.2/armv7e-m/fpu\libgcc.a(_divdi3.o)
 .ARM.exidx     0x0803690c       0x10 c:/softwares/coocox/gnu tools arm embedded/4.6 2012q2/bin/../lib/gcc/arm-none-eabi/4.6.2/armv7e-m/fpu\libgcc.a(_udivdi3.o)
                                  0x8 (size before relaxing)
                0x0803691c                __exidx_end = .
                0x0803691c                __etext = .
                0x0803691c                _sidata = __etext

.data           0x20000000      0xb44 load address 0x0803691c
                0x20000000                __data_start__ = .
                0x20000000                _sdata = __data_start__
 *(vtable)
 *(.data*)
 .data          0x20000000       0x10 ..\obj\stm32f4xx_rcc.o
 .data          0x20000010       0x14 ..\obj\system_stm32f4xx.o
                0x20000010                SystemCoreClock
                0x20000014                AHBPrescTable
 *fill*         0x20000024        0x4 00
 .data          0x20000028      0x278 ..\obj\yume_global_var.o
                0x20000028                COLOUR_BLACK
                0x2000002c                COLOUR_GRAY
                0x20000030                COLOUR_WHITE
                0x20000034                COLOUR_RED
                0x20000038                COLOUR_BLUE
                0x2000003c                FRONT_TCS3200
                0x20000040                MID_TCS3200
                0x20000044                CANDLE_CIRCLE_DETECTED
                0x20000048                ZONE_BLACK
                0x2000004c                ZONE_RED
                0x20000050                ZONE_BLUE
                0x20000054                TRACER
                0x20000058                LOCATION_ROOM
                0x2000005c                SHIFT_FOLLOW
                0x20000060                CAT_DETECTED
                0x20000064                led_counter
                0x20000066                sensor_UV_front
                0x20000067                sensor_UV_back
                0x20000068                COMMAND_FLAG_A
                0x2000006c                COMMAND_FLAG_B
                0x20000070                COMMAND_COMPLETED
                0x20000074                COMMAND_NOT_RECEIVED
                0x20000078                RAW_VAL_FLAG
                0x2000007c                sudut
                0x200000c4                correct
                0x2000010c                MPU6050_PWR_MGMT_1
                0x20000110                MPU6050_GYRO_CONFIG
                0x20000114                MPU6050_ACCEL_CONFIG
                0x20000118                Gyro_Sensitivity_500s
                0x20000120                PI
                0x20000128                GRAVITY
                0x20000130                TEST
                0x20000134                CALIBRATION_STAT
                0x20000138                HOME_CIRCLE_DETECTED
                0x2000013c                FOLLOWHOME_ACTIVE
                0x20000140                CROSS_ENABLED
                0x20000144                CROSSING_SUCCESS
                0x20000148                CROSSING_FAILED
                0x2000014c                STEALFIRE_SUCCESS
                0x20000150                STEALFIRE_FAILED
                0x20000154                ENEMY_ZONE
                0x20000158                SPECIAL_CONDITION_ENABLED
                0x2000015c                ROOM_FLAG
                0x20000164                PREVIOUS_ROOM
                0x20000168                OTHER_ROOM
                0x2000016c                ROOM_ONE
                0x20000170                WARZONE
                0x20000174                VAR_DOOR_DETECTED
                0x20000178                VAR_DOOR_SCAN
                0x2000017c                FOLLOW_CARPET_ENABLED
                0x20000180                FOLLOW_CARPET_ESCAPE_TRAP
                0x20000184                GET_VERSION
                0x20000188                GET_ANGLE_8_BIT
                0x2000018c                GET_ANGLE_16_BIT
                0x20000190                GET_PITCH
                0x20000194                GET_ROLL
                0x20000198                GET_PITCH_NO_KF
                0x2000019c                GET_ROLL_NO_KF
                0x200001a0                GET_MAG_RAW
                0x200001a4                GET_ACCEL_RAW
                0x200001a8                GET_GYRO_RAW
                0x200001ac                GET_TEMP
                0x200001b0                GET_ALL
                0x200001b4                CALIBRATE_BYTE_1
                0x200001b8                CALIBRATE_BYTE_2
                0x200001bc                CALIBRATE_BYTE_3_FULL
                0x200001c0                CALIBRATE_BYTE_3_FLAT
                0x200001c4                CALIBRATE_EXIT
                0x200001c8                RESTORE_1
                0x200001cc                RESTORE_2
                0x200001d0                RESTORE_3
                0x200001d4                BAUD_19200
                0x200001d8                BAUD_38400
                0x200001dc                FRONT_PREVIOUS
                0x200001e0                MIDDLE_PRESENT
                0x200001e4                MIDDLE_PREVIOUS
                0x200001e8                DUMMY_DATA_A
                0x200001ec                DUMMY_DATA_G
                0x200001f0                TRIAL_MODE
                0x200001f4                CALIBRATION_MODE
                0x200001f8                START_BUTTON_CMD
                0x200001fc                BUTTON_A
                0x20000200                BUTTON_B
                0x20000204                CMD_COMPLETED
                0x20000208                CMD_IDLE
                0x2000020c                TCS_CMD_SEND_RAW
                0x20000210                TRACER_CMD_SEND_RAW
                0x20000214                TCS_CMD_SEND_CONCLUSION
                0x20000218                TCS_CMD_SAVE_EEPROM
                0x2000021c                HYBRID_CMD_SEND_THRESHOLD
                0x20000220                RCV_IDLE
                0x20000224                RCV_START
                0x20000228                RCV_BUTTON_A
                0x2000022c                RCV_BUTTON_B
                0x20000230                ROOM
                0x20000248                ROOM_1A
                0x2000024c                ROOM_1B
                0x20000250                ROOM_1C
                0x20000254                ROOM_2A
                0x20000258                ROOM_2B
                0x2000025c                ROOM_3
                0x20000260                ROOM_4A
                0x20000264                ROOM_4B
                0x20000268                NORMAL_ROOM
                0x2000026c                GRAY_ROOM
                0x20000270                TRC_BMP_ACTIVE
                0x20000274                TRACER_ACTIVE
                0x20000278                FOLLOWTRACER_ENABLE
                0x2000027c                ROOM1FLAG_ACTIVE
                0x20000280                ROOM4AFLAG_ACTIVE
                0x20000284                ROOM1A_SP_EXIT_FLAG_ACTIVE
                0x20000288                ROOM4A_CAT_AVOIDER_ACTIVE
                0x2000028c                R2TO4A_SP_ACTIVE
                0x20000290                SHIFT_ALGORITHM_ACTIVE
                0x20000294                TURN_LEFT
                0x20000298                TURN_RIGHT
 .data          0x200002a0       0x28 ..\obj\yume2016_algorithm.o
 .data.__fdlib_version
                0x200002c8        0x1 C:\Softwares\CooCox\GNU Tools ARM Embedded\4.6 2012q2\arm-none-eabi\lib\armv7e-m\fpu\libm.a(lib_a-s_lib_ver.o)
                0x200002c8                __fdlib_version
 *fill*         0x200002c9        0x7 00
 .data.impure_data
                0x200002d0      0x428 C:\Softwares\CooCox\GNU Tools ARM Embedded\4.6 2012q2\arm-none-eabi\lib\armv7e-m\fpu\libc.a(lib_a-impure.o)
 .data._impure_ptr
                0x200006f8        0x4 C:\Softwares\CooCox\GNU Tools ARM Embedded\4.6 2012q2\arm-none-eabi\lib\armv7e-m\fpu\libc.a(lib_a-impure.o)
                0x200006f8                _impure_ptr
 .data.lconv    0x200006fc       0x38 C:\Softwares\CooCox\GNU Tools ARM Embedded\4.6 2012q2\arm-none-eabi\lib\armv7e-m\fpu\libc.a(lib_a-locale.o)
 .data.__malloc_av_
                0x20000734      0x408 C:\Softwares\CooCox\GNU Tools ARM Embedded\4.6 2012q2\arm-none-eabi\lib\armv7e-m\fpu\libc.a(lib_a-mallocr.o)
                0x20000734                __malloc_av_
 .data.__malloc_trim_threshold
                0x20000b3c        0x4 C:\Softwares\CooCox\GNU Tools ARM Embedded\4.6 2012q2\arm-none-eabi\lib\armv7e-m\fpu\libc.a(lib_a-mallocr.o)
                0x20000b3c                __malloc_trim_threshold
 .data.__malloc_sbrk_base
                0x20000b40        0x4 C:\Softwares\CooCox\GNU Tools ARM Embedded\4.6 2012q2\arm-none-eabi\lib\armv7e-m\fpu\libc.a(lib_a-mallocr.o)
                0x20000b40                __malloc_sbrk_base
                0x20000b44                . = ALIGN (0x4)
                0x20000b44                PROVIDE (__preinit_array_start, .)
 *(.preinit_array)
                0x20000b44                PROVIDE (__preinit_array_end, .)
                0x20000b44                . = ALIGN (0x4)
                0x20000b44                PROVIDE (__init_array_start, .)
 *(SORT(.init_array.*))
 *(.init_array)
                0x20000b44                PROVIDE (__init_array_end, .)
                0x20000b44                . = ALIGN (0x4)
                0x20000b44                PROVIDE (__fini_array_start, .)
 *(SORT(.fini_array.*))
 *(.fini_array)
                0x20000b44                PROVIDE (__fini_array_end, .)
 *(.jcr*)
                0x20000b44                . = ALIGN (0x4)
                0x20000b44                __data_end__ = .
                0x20000b44                _edata = __data_end__

.bss            0x20000b44     0x30f8 load address 0x08037460
                0x20000b44                . = ALIGN (0x4)
                0x20000b44                __bss_start__ = .
                0x20000b44                _sbss = __bss_start__
 *(.bss*)
 .bss           0x20000b44        0x4 ..\obj\yume_usart_comm.o
 .bss           0x20000b48        0x4 ..\obj\yume_systick_delay.o
 .bss           0x20000b4c        0x4 ..\obj\syscalls.o
 .bss           0x20000b50      0x244 ..\obj\yume_global_var.o
                0x20000b50                COLUR_NONE
                0x20000b54                F_DETECTED_COLOUR
                0x20000b58                M_DETECTED_COLOUR
                0x20000b5c                F_sum_red
                0x20000b60                F_sum_blue
                0x20000b64                F_sum_white
                0x20000b68                F_THRESHOLD
                0x20000b6c                F_TOTAL_SUM
                0x20000b70                M_sum_red
                0x20000b74                M_sum_blue
                0x20000b78                M_sum_white
                0x20000b7c                M_THRESHOLD
                0x20000b80                M_TOTAL_SUM
                0x20000b84                CANDLE_CIRCLE_FLAG
                0x20000b88                INITIAL_ZONE
                0x20000b8c                ZONE
                0x20000b90                YUME_CROSS_MODE
                0x20000b94                START_MODE
                0x20000b98                YUME_LOCATION
                0x20000ba0                LOCATION_CORRIDOR
                0x20000ba4                EXTINGUISHED_FIRE
                0x20000ba8                FIRE_PUTOFF
                0x20000bac                CAT_FOUND
                0x20000bb4                CAT_SHIFT_FOLLOW
                0x20000bb8                NO_SHIFT
                0x20000bbc                CAT_FLAG
                0x20000bc0                CAT_NOT_DETECTED
                0x20000bc4                YUME_Sound_Activate
                0x20000bc6                YUME_START
                0x20000bc8                UV_Lock
                0x20000bcc                led_off_counter
                0x20000bd0                sudut_servo
                0x20000bd4                sensor_UV_lock
                0x20000bd5                fight
                0x20000bd6                hitung
                0x20000bd8                panas
                0x20000bdc                i
                0x20000be0                temp
                0x20000be4                suhu_ruang
                0x20000be8                FIRE
                0x20000bec                USART_Count
                0x20000bf0                USARTFlame_Counter
                0x20000bf4                USARTFlameDigi_Counter
                0x20000bf8                USART_Bluetooth_Count
                0x20000bfc                x
                0x20000c00                Gyro_Sensitivity_250s
                0x20000c04                Accelerometer_Range
                0x20000c08                ROOM_COUNTER
                0x20000c0c                WARZONE_FLAG
                0x20000c10                SPECIAL_ZONE_FLAG
                0x20000c14                HOME_CIRCLE_FLAG
                0x20000c18                HOME_CIRCLE_NOT_DETECTED
                0x20000c1c                FOLLOWHOME_FLAG
                0x20000c20                FOLLOWHOME_INACTIVE
                0x20000c24                firetrack_counter
                0x20000c28                YUME_FOUND_FIRE_OVERRIDE
                0x20000c2c                EXTINGUISHER_FLAG
                0x20000c30                ROOM1_FLAG
                0x20000c34                WARZONE_COUNTER
                0x20000c38                global_counter
                0x20000c3c                YUME_CROSSING_AUTHORITY
                0x20000c40                CROSS_DISABLED
                0x20000c44                YUME_CROSSING_STATUS
                0x20000c48                NO_CROSSING
                0x20000c4c                STEAL_FIRE_STAT
                0x20000c50                STEAL_FIRE_COUNTER
                0x20000c54                ENEMY_ZONE_STAT
                0x20000c58                COMFORT_ZONE
                0x20000c5c                SPECIAL_CONDITION_FLAG
                0x20000c60                SPECIAL_CONDITION_DISABLED
                0x20000c64                SPECIAL_CONDITION_COUNTER
                0x20000c68                PRESENT_ROOM
                0x20000c6c                VARIABLE_DOOR
                0x20000c70                VAR_DOOR_NOT_DETECTED
                0x20000c74                FIRST_CAT_ENCOUNTER
                0x20000c78                RETURN_COUNTER
                0x20000c7c                FOLLOW_CARPET_FLAG
                0x20000c80                FOLLOW_CARPET_DISABLED
                0x20000c84                Arm_Angle
                0x20000c90                Arm_Correction
                0x20000c9c                USART2_DATA
                0x20000cb4                CMPS11_COMPASS_ANGLE
                0x20000cb8                RETURN_TRIP_FLAG
                0x20000cbc                FlameSense
                0x20000cc4                FollowFlame_Flag
                0x20000cc8                FlameTrack_Flag
                0x20000ccc                FlameScan_Flag
                0x20000cd0                FlameExtinguish_Flag
                0x20000cd4                FlameApproach_Flag
                0x20000cd8                FlameSenseDigi
                0x20000ce0                FlameFrontDigi
                0x20000ce8                BUMPER
                0x20000cf0                TCS3200_SLV_CNT
                0x20000cf4                TCS3200_SLV_STAT
                0x20000d04                FRONT_PRESENT
                0x20000d08                TCS3200_SLV_DATA
                0x20000d34                TCS3200_CMD_CODE
                0x20000d48                HALLWAY_SC
                0x20000d4c                ROOM_TYPE
                0x20000d50                TRC_BMP_INACTIVE
                0x20000d54                TRACER_STAT
                0x20000d58                TRACER_INACTIVE
                0x20000d5c                FOLLOWTRACER_FLAG
                0x20000d60                FOLLOWTRACER_DISABLE
                0x20000d64                CANDLE_STICK
                0x20000d68                CANDLE_FIRE
                0x20000d6c                CANDLE_STAT
                0x20000d70                ROOM1FLAG_INACTIVE
                0x20000d74                ROOM4AFLAG_INACTIVE
                0x20000d78                ROOM1A_SP_EXIT_FLAG_INACTIVE
                0x20000d7c                ROOM4A_CAT_AVOIDER_INACTIVE
                0x20000d80                R2TO4A_SP_ROUTE
                0x20000d84                R2TO4A_SP_INACTIVE
                0x20000d88                SHIFT_ALGORITHM_INACTIVE
                0x20000d8c                RIGHT_OVERFLOW_COUNTER
                0x20000d90                LEFT_OVERFLOW_COUNTER
 .bss           0x20000d94        0x1 ..\obj\yume_ping_receiver.o
 *fill*         0x20000d95        0x3 00
 .bss           0x20000d98       0x40 ..\obj\yume2016_algorithm.o
 .bss.__malloc_max_total_mem
                0x20000dd8        0x4 C:\Softwares\CooCox\GNU Tools ARM Embedded\4.6 2012q2\arm-none-eabi\lib\armv7e-m\fpu\libc.a(lib_a-mallocr.o)
                0x20000dd8                __malloc_max_total_mem
 .bss.__malloc_max_sbrked_mem
                0x20000ddc        0x4 C:\Softwares\CooCox\GNU Tools ARM Embedded\4.6 2012q2\arm-none-eabi\lib\armv7e-m\fpu\libc.a(lib_a-mallocr.o)
                0x20000ddc                __malloc_max_sbrked_mem
 .bss.__malloc_top_pad
                0x20000de0        0x4 C:\Softwares\CooCox\GNU Tools ARM Embedded\4.6 2012q2\arm-none-eabi\lib\armv7e-m\fpu\libc.a(lib_a-mallocr.o)
                0x20000de0                __malloc_top_pad
 .bss.__malloc_current_mallinfo
                0x20000de4       0x28 C:\Softwares\CooCox\GNU Tools ARM Embedded\4.6 2012q2\arm-none-eabi\lib\armv7e-m\fpu\libc.a(lib_a-mallocr.o)
                0x20000de4                __malloc_current_mallinfo
 *(COMMON)
 COMMON         0x20000e0c      0x2c0 ..\obj\yume_bumper.o
                0x20000e0c                lcd
                0x20000e1c                RWS_Byte
                0x20000e20                GPIO_I2C
                0x20000e28                TIM_TimeBaseStructure
                0x20000e34                Load_Long_Byte
                0x20000e38                Position_Low_Byte
                0x20000e39                Checksum
                0x20000e3a                Speed_Low_Byte
                0x20000e3c                YUME_CMPS11
                0x20000e78                ADC_InitStructure
                0x20000e90                PID_FLAME
                0x20000ee8                Load_High_Byte
                0x20000eec                I2C_InitStructure
                0x20000efc                PID_F_L
                0x20000f54                Incoming_Byte
                0x20000f58                Moving_Byte
                0x20000f5c                Error_Byte
                0x20000f60                Speed_High_Byte
                0x20000f61                Direction_Pin
                0x20000f62                Position_High_Byte
                0x20000f64                TIM_OCInitStructure
                0x20000f78                Speed_Long_Byte
                0x20000f7c                PID_DFL_R
                0x20000fd4                Position_Long_Byte
                0x20000fd8                Voltage_Byte
                0x20000fdc                PID_F_R
                0x20001034                GPIO_InitStructure
                0x2000103c                USART_InitStructure
                0x2000104c                Time_Counter
                0x2000104d                Load_Low_Byte
                0x20001050                NVIC_InitStructure
                0x20001054                ADC_CommonInitStructure
                0x20001064                temp_angle
                0x20001070                Temperature_Byte
                0x20001074                PID_DFL_L
 COMMON         0x200010cc        0x4 ..\obj\yume_articulated_manipulator.o
                0x200010cc                arm_counter
 COMMON         0x200010d0     0x2b68 ..\obj\yume_global_var.o
                0x200010d0                HOME
                0x200010d4                ROOM4A_FLAG
                0x200010d8                I2C2_DATA
                0x200010e4                leg
                0x200010e8                b
                0x200010ec                DATA
                0x200010f0                dummy_correct
                0x20001138                Gyro_Mult
                0x2000113c                ARM_CCR2_Val
                0x20001140                c4
                0x20001144                c2
                0x20001148                INFRARED
                0x20001168                SHIFT_ALGORITHM_FLAG
                0x2000116c                data1_lcd
                0x2000117c                CCR1_Val
                0x20001180                phi
                0x20001198                sudut_awal
                0x200011e0                ACCEL_DEG
                0x200011e4                nCount
                0x200011e8                index_servo
                0x200011ec                A_body
                0x200011f0                FLAME_SENSOR
                0x200011f8                sudut_tahap1
                0x20001240                ROOM4A_CAT_AVOIDER
                0x20001244                COLOUR_STAT
                0x20001248                I2C1_DATA
                0x20001254                Lsem
                0x20001258                z_A
                0x200012a0                TRACER_FLAG
                0x200012a4                FLAME_SIDE
                0x200012a8                suhu_pixel
                0x200012b0                Ping
                0x200012d4                tampil_adc
                0x200012e4                epsilon
                0x200012fc                pixel
                0x20001308                Count
                0x2000130c                c1
                0x20001310                TRACER_IN_BUMPER
                0x20001314                I2C3_DATA
                0x20001320                ARM_CCR3_Val
                0x20001324                c
                0x20001325                v
                0x20001328                leg_next
                0x20001340                M_TRACER
                0x20001344                sudut_target
                0x2000138c                A_leg
                0x200013a4                M_sum_green
                0x200013a8                Acce_Mult
                0x200013ac                pembagi
                0x200013b0                F_TRACER
                0x200013b4                data2_lcd
                0x200013c4                y
                0x200013c8                command_code
                0x200013cd                d
                0x200013d0                PrescalerValue
                0x200013d4                ARM_CCR1_Val
                0x200013d8                UV_state
                0x200013dc                GYRO_DEG
                0x200013e0                ROOM1A_SP_EXIT_FLAG
                0x200013e4                temp_var
                0x200013e8                sudut_tahap2
                0x20001430                rot_switch_mode
                0x20001434                P_body
                0x20001438                F_sum_green
                0x2000143c                beta
                0x20001454                buf
                0x20001464                y_A
                0x200014ac                c3
                0x200014b0                CCR2_Val
                0x200014b4                tcs3200
                0x200014b8                epsilon_body
                0x200014bc                SHARP
                0x200014c8                a
                0x200014cc                P_leg
                0x200014e4                lambpsi
                0x200014fc                regs
                0x20001500                CCR3_Val
                0x20001504                ADCResult
                0x20001508                ww
                0x20001520                index_bantu
                0x20001524                temp_var2
                0x20001528                received_string
 COMMON         0x20003c38        0x4 C:\Softwares\CooCox\GNU Tools ARM Embedded\4.6 2012q2\arm-none-eabi\lib\armv7e-m\fpu\libc.a(lib_a-reent.o)
                0x20003c38                errno
                0x20003c3c                . = ALIGN (0x4)
                0x20003c3c                __bss_end__ = .
                0x20003c3c                _ebss = __bss_end__

.heap           0x20003c3c        0x0
                0x20003c3c                __end__ = .
                0x20003c3c                _end = __end__
                0x20003c3c                end = __end__
 *(.heap*)
                0x20003c3c                __HeapLimit = .

.co_stack       0x20003c3c      0x804 load address 0x0803a558
                0x20003c40                . = ALIGN (0x8)
 *fill*         0x20003c3c        0x4 00
 *(.co_stack .co_stack.*)
 .co_stack      0x20003c40      0x800 ..\obj\startup_stm32f4xx.o
                0x20003c40                pulStack
                0x20020000                __StackTop = (ORIGIN (ram) + 0x20000)
                0x2001f7fc                __StackLimit = (__StackTop - SIZEOF (.co_stack))
                0x20020000                PROVIDE (__stack, __StackTop)
                0x00000001                ASSERT ((__StackLimit >= __HeapLimit), region ram  overflowed with stack)
LOAD ..\obj\yume_bumper.o
LOAD ..\obj\yume_lcd.o
LOAD ..\obj\yume_mpu6050.o
LOAD ..\obj\yume_rotary_switch.o
LOAD ..\obj\yume_tcs3200_receiver.o
LOAD ..\obj\stm32f4xx_usart.o
LOAD ..\obj\yume_articulated_manipulator.o
LOAD ..\obj\yume_gy_85.o
LOAD ..\obj\yume_usart_comm.o
LOAD ..\obj\startup_stm32f4xx.o
LOAD ..\obj\yume_extinguisher.o
LOAD ..\obj\main.o
LOAD ..\obj\stm32f4xx_rcc.o
LOAD ..\obj\yume_cmps11.o
LOAD ..\obj\yume_bldc_fan.o
LOAD ..\obj\yume_i2c_lcd.o
LOAD ..\obj\stm32f4xx_adc.o
LOAD ..\obj\yume_utilities.o
LOAD ..\obj\yume_systick_delay.o
LOAD ..\obj\yume_tpa_servo.o
LOAD ..\obj\yume_sound_activation.o
LOAD ..\obj\stm32f4xx_gpio.o
LOAD ..\obj\system_stm32f4xx.o
LOAD ..\obj\syscalls.o
LOAD ..\obj\yume_tcs3200.o
LOAD ..\obj\yume_algorithm.o
LOAD ..\obj\yume_global_var.o
LOAD ..\obj\yume_infrared_proximity.o
LOAD ..\obj\yume_pid_controller.o
LOAD ..\obj\yume_user_interface.o
LOAD ..\obj\stm32f4xx_i2c.o
LOAD ..\obj\yume_hexapod_cmd.o
LOAD ..\obj\yume_dynamixel_xl_320.o
LOAD ..\obj\yume_flame_sensor.o
LOAD ..\obj\misc.o
LOAD ..\obj\yume_ping_receiver.o
LOAD ..\obj\yume2016_algorithm.o
LOAD ..\obj\yume_UV-TRON.o
LOAD ..\obj\yume_interrupt_monitor.o
LOAD ..\obj\stm32f4xx_tim.o
LOAD C:\Softwares\CooCox\GNU Tools ARM Embedded\4.6 2012q2\arm-none-eabi\lib\armv7e-m\fpu\libm.a
LOAD c:/softwares/coocox/gnu tools arm embedded/4.6 2012q2/bin/../lib/gcc/arm-none-eabi/4.6.2/armv7e-m/fpu\libgcc.a
LOAD C:\Softwares\CooCox\GNU Tools ARM Embedded\4.6 2012q2\arm-none-eabi\lib\armv7e-m\fpu\libc.a
START GROUP